=== T-scan: scatter strategy vs token count ===
Date: Wed Apr 29 20:41:16 EDT 2026  Node: v003.ib.bridges2.psc.edu
GPUs=2  overlap=0  warmup=3  repeats=9

====== dist=uniform  T=512 ======
--- strategy=atomic ---

== bench_prefill  strategy=atomic  prefix=syn_uniform_T512  n_gpus=2  overlap=0  chunks=1  ffn=cublas ==

[npy] results/syn_uniform_T512_embeddings.npy                  shape=(512,2048) dtype=<f2
[npy] results/syn_uniform_T512_assignments.npy                 shape=(512,4) dtype=<i4
[npy] results/syn_uniform_T512_weights.npy                     shape=(512,4) dtype=<f2
[npy] results/syn_uniform_T512_embeddings.npy                  shape=(512,2048) dtype=<f2
[npy] results/syn_uniform_T512_assignments.npy                 shape=(512,4) dtype=<i4
[npy] results/syn_uniform_T512_weights.npy                     shape=(512,4) dtype=<f2
  warmup=3  repeats=9  rounds=1  (median total over repeats, avg over 2 GPUs)

  Per-round averages:
    scatter:      1.122 ms  ( 13.3%)
    dispatch:     0.194 ms  (  2.3%)  [AllGather + AllToAll-V]
    FFN:          6.976 ms  ( 82.4%)
    combine:      0.170 ms  (  2.0%)  [AllToAll-V reverse]
    ─────────────────────────────────
    round:        8.461 ms

  Full prefill (1 rounds):
    total:        8.615 ms
    throughput: 116.1 rounds/s
    avg round:     8.615 ms  (from total / N)

  EP overhead (scatter+dispatch+combine): 1.485 ms (17.6% of round)
  FFN fraction: 82.4%

  L2 checksum (round 0 d_combine_recv across all ranks):
    n_elts = 4194304   sum_sq = 3.815864e+01   L2 = 6.177268


--- strategy=sort ---

== bench_prefill  strategy=sort  prefix=syn_uniform_T512  n_gpus=2  overlap=0  chunks=1  ffn=cublas ==

[npy] results/syn_uniform_T512_embeddings.npy                  shape=(512,2048) dtype=<f2
[npy] results/syn_uniform_T512_assignments.npy                 shape=(512,4) dtype=<i4
[npy] results/syn_uniform_T512_weights.npy                     shape=(512,4) dtype=<f2
[npy] results/syn_uniform_T512_embeddings.npy                  shape=(512,2048) dtype=<f2
[npy] results/syn_uniform_T512_assignments.npy                 shape=(512,4) dtype=<i4
[npy] results/syn_uniform_T512_weights.npy                     shape=(512,4) dtype=<f2
  warmup=3  repeats=9  rounds=1  (median total over repeats, avg over 2 GPUs)

  Per-round averages:
    scatter:      0.082 ms  (  1.1%)
    dispatch:     0.190 ms  (  2.6%)  [AllGather + AllToAll-V]
    FFN:          6.900 ms  ( 94.0%)
    combine:      0.165 ms  (  2.3%)  [AllToAll-V reverse]
    ─────────────────────────────────
    round:        7.337 ms

  Full prefill (1 rounds):
    total:        7.422 ms
    throughput: 134.7 rounds/s
    avg round:     7.422 ms  (from total / N)

  EP overhead (scatter+dispatch+combine): 0.438 ms (6.0% of round)
  FFN fraction: 94.0%

  L2 checksum (round 0 d_combine_recv across all ranks):
    n_elts = 4194304   sum_sq = 3.815864e+01   L2 = 6.177268


--- strategy=warp ---

== bench_prefill  strategy=warp  prefix=syn_uniform_T512  n_gpus=2  overlap=0  chunks=1  ffn=cublas ==

[npy] results/syn_uniform_T512_embeddings.npy                  shape=(512,2048) dtype=<f2
[npy] results/syn_uniform_T512_embeddings.npy                  shape=(512,2048) dtype=<f2
[npy] results/syn_uniform_T512_assignments.npy                 shape=(512,4) dtype=<i4
[npy] results/syn_uniform_T512_assignments.npy                 shape=(512,4) dtype=<i4
[npy] results/syn_uniform_T512_weights.npy                     shape=(512,4) dtype=<f2
[npy] results/syn_uniform_T512_weights.npy                     shape=(512,4) dtype=<f2
  warmup=3  repeats=9  rounds=1  (median total over repeats, avg over 2 GPUs)

  Per-round averages:
    scatter:      0.078 ms  (  1.1%)
    dispatch:     0.188 ms  (  2.6%)  [AllGather + AllToAll-V]
    FFN:          6.903 ms  ( 94.2%)
    combine:      0.161 ms  (  2.2%)  [AllToAll-V reverse]
    ─────────────────────────────────
    round:        7.331 ms

  Full prefill (1 rounds):
    total:        7.431 ms
    throughput: 134.6 rounds/s
    avg round:     7.431 ms  (from total / N)

  EP overhead (scatter+dispatch+combine): 0.428 ms (5.8% of round)
  FFN fraction: 94.2%

  L2 checksum (round 0 d_combine_recv across all ranks):
    n_elts = 4194304   sum_sq = 3.815864e+01   L2 = 6.177268


--- strategy=vec ---

== bench_prefill  strategy=vec  prefix=syn_uniform_T512  n_gpus=2  overlap=0  chunks=1  ffn=cublas ==

[npy] results/syn_uniform_T512_embeddings.npy                  shape=(512,2048) dtype=<f2
[npy] results/syn_uniform_T512_embeddings.npy                  shape=(512,2048) dtype=<f2
[npy] results/syn_uniform_T512_assignments.npy                 shape=(512,4) dtype=<i4
[npy] results/syn_uniform_T512_assignments.npy                 shape=(512,4) dtype=<i4
[npy] results/syn_uniform_T512_weights.npy                     shape=(512,4) dtype=<f2
[npy] results/syn_uniform_T512_weights.npy                     shape=(512,4) dtype=<f2
  warmup=3  repeats=9  rounds=1  (median total over repeats, avg over 2 GPUs)

  Per-round averages:
    scatter:      0.074 ms  (  1.0%)
    dispatch:     0.187 ms  (  2.6%)  [AllGather + AllToAll-V]
    FFN:          6.913 ms  ( 94.2%)
    combine:      0.164 ms  (  2.2%)  [AllToAll-V reverse]
    ─────────────────────────────────
    round:        7.339 ms

  Full prefill (1 rounds):
    total:        7.433 ms
    throughput: 134.5 rounds/s
    avg round:     7.433 ms  (from total / N)

  EP overhead (scatter+dispatch+combine): 0.426 ms (5.8% of round)
  FFN fraction: 94.2%

  L2 checksum (round 0 d_combine_recv across all ranks):
    n_elts = 4194304   sum_sq = 3.815864e+01   L2 = 6.177268


--- strategy=csort ---

== bench_prefill  strategy=csort  prefix=syn_uniform_T512  n_gpus=2  overlap=0  chunks=1  ffn=cublas ==

[npy] results/syn_uniform_T512_embeddings.npy                  shape=(512,2048) dtype=<f2
[npy] results/syn_uniform_T512_assignments.npy                 shape=(512,4) dtype=<i4
[npy] results/syn_uniform_T512_weights.npy                     shape=(512,4) dtype=<f2
[npy] results/syn_uniform_T512_embeddings.npy                  shape=(512,2048) dtype=<f2
[npy] results/syn_uniform_T512_assignments.npy                 shape=(512,4) dtype=<i4
[npy] results/syn_uniform_T512_weights.npy                     shape=(512,4) dtype=<f2
  warmup=3  repeats=9  rounds=1  (median total over repeats, avg over 2 GPUs)

  Per-round averages:
    scatter:      0.075 ms  (  1.0%)
    dispatch:     0.197 ms  (  2.6%)  [AllGather + AllToAll-V]
    FFN:          7.009 ms  ( 94.1%)
    combine:      0.169 ms  (  2.3%)  [AllToAll-V reverse]
    ─────────────────────────────────
    round:        7.451 ms

  Full prefill (1 rounds):
    total:        7.531 ms
    throughput: 132.8 rounds/s
    avg round:     7.531 ms  (from total / N)

  EP overhead (scatter+dispatch+combine): 0.442 ms (5.9% of round)
  FFN fraction: 94.1%

  L2 checksum (round 0 d_combine_recv across all ranks):
    n_elts = 4194304   sum_sq = 3.815864e+01   L2 = 6.177268


====== dist=uniform  T=2048 ======
--- strategy=atomic ---

== bench_prefill  strategy=atomic  prefix=syn_uniform_T2048  n_gpus=2  overlap=0  chunks=1  ffn=cublas ==

[npy] results/syn_uniform_T2048_embeddings.npy                 shape=(2048,2048) dtype=<f2
[npy] results/syn_uniform_T2048_assignments.npy                shape=(2048,4) dtype=<i4
[npy] results/syn_uniform_T2048_weights.npy                    shape=(2048,4) dtype=<f2
[npy] results/syn_uniform_T2048_embeddings.npy                 shape=(2048,2048) dtype=<f2
[npy] results/syn_uniform_T2048_assignments.npy                shape=(2048,4) dtype=<i4
[npy] results/syn_uniform_T2048_weights.npy                    shape=(2048,4) dtype=<f2
  warmup=3  repeats=9  rounds=1  (median total over repeats, avg over 2 GPUs)

  Per-round averages:
    scatter:      1.100 ms  ( 10.5%)
    dispatch:     0.638 ms  (  6.1%)  [AllGather + AllToAll-V]
    FFN:          8.148 ms  ( 77.7%)
    combine:      0.599 ms  (  5.7%)  [AllToAll-V reverse]
    ─────────────────────────────────
    round:       10.485 ms

  Full prefill (1 rounds):
    total:       10.585 ms
    throughput: 94.5 rounds/s
    avg round:    10.585 ms  (from total / N)

  EP overhead (scatter+dispatch+combine): 2.337 ms (22.3% of round)
  FFN fraction: 77.7%

  L2 checksum (round 0 d_combine_recv across all ranks):
    n_elts = 16777216   sum_sq = 1.526905e+02   L2 = 12.356798


--- strategy=sort ---

== bench_prefill  strategy=sort  prefix=syn_uniform_T2048  n_gpus=2  overlap=0  chunks=1  ffn=cublas ==

[npy] results/syn_uniform_T2048_embeddings.npy                 shape=(2048,2048) dtype=<f2
[npy] results/syn_uniform_T2048_assignments.npy                shape=(2048,4) dtype=<i4
[npy] results/syn_uniform_T2048_weights.npy                    shape=(2048,4) dtype=<f2
[npy] results/syn_uniform_T2048_embeddings.npy                 shape=(2048,2048) dtype=<f2
[npy] results/syn_uniform_T2048_assignments.npy                shape=(2048,4) dtype=<i4
[npy] results/syn_uniform_T2048_weights.npy                    shape=(2048,4) dtype=<f2
  warmup=3  repeats=9  rounds=1  (median total over repeats, avg over 2 GPUs)

  Per-round averages:
    scatter:      0.121 ms  (  1.3%)
    dispatch:     0.630 ms  (  6.6%)  [AllGather + AllToAll-V]
    FFN:          8.136 ms  ( 85.7%)
    combine:      0.605 ms  (  6.4%)  [AllToAll-V reverse]
    ─────────────────────────────────
    round:        9.492 ms

  Full prefill (1 rounds):
    total:        9.614 ms
    throughput: 104.0 rounds/s
    avg round:     9.614 ms  (from total / N)

  EP overhead (scatter+dispatch+combine): 1.357 ms (14.3% of round)
  FFN fraction: 85.7%

  L2 checksum (round 0 d_combine_recv across all ranks):
    n_elts = 16777216   sum_sq = 1.526905e+02   L2 = 12.356798


--- strategy=warp ---

== bench_prefill  strategy=warp  prefix=syn_uniform_T2048  n_gpus=2  overlap=0  chunks=1  ffn=cublas ==

[npy] results/syn_uniform_T2048_embeddings.npy                 shape=(2048,2048) dtype=<f2
[npy] results/syn_uniform_T2048_assignments.npy                shape=(2048,4) dtype=<i4
[npy] results/syn_uniform_T2048_weights.npy                    shape=(2048,4) dtype=<f2
[npy] results/syn_uniform_T2048_embeddings.npy                 shape=(2048,2048) dtype=<f2
[npy] results/syn_uniform_T2048_assignments.npy                shape=(2048,4) dtype=<i4
[npy] results/syn_uniform_T2048_weights.npy                    shape=(2048,4) dtype=<f2
  warmup=3  repeats=9  rounds=1  (median total over repeats, avg over 2 GPUs)

  Per-round averages:
    scatter:      0.110 ms  (  1.2%)
    dispatch:     0.630 ms  (  6.6%)  [AllGather + AllToAll-V]
    FFN:          8.154 ms  ( 85.9%)
    combine:      0.601 ms  (  6.3%)  [AllToAll-V reverse]
    ─────────────────────────────────
    round:        9.495 ms

  Full prefill (1 rounds):
    total:        9.596 ms
    throughput: 104.2 rounds/s
    avg round:     9.596 ms  (from total / N)

  EP overhead (scatter+dispatch+combine): 1.341 ms (14.1% of round)
  FFN fraction: 85.9%

  L2 checksum (round 0 d_combine_recv across all ranks):
    n_elts = 16777216   sum_sq = 1.526905e+02   L2 = 12.356798


--- strategy=vec ---

== bench_prefill  strategy=vec  prefix=syn_uniform_T2048  n_gpus=2  overlap=0  chunks=1  ffn=cublas ==

[npy] results/syn_uniform_T2048_embeddings.npy                 shape=(2048,2048) dtype=<f2
[npy] results/syn_uniform_T2048_embeddings.npy                 shape=(2048,2048) dtype=<f2
[npy] results/syn_uniform_T2048_assignments.npy                shape=(2048,4) dtype=<i4
[npy] results/syn_uniform_T2048_assignments.npy                shape=(2048,4) dtype=<i4
[npy] results/syn_uniform_T2048_weights.npy                    shape=(2048,4) dtype=<f2
[npy] results/syn_uniform_T2048_weights.npy                    shape=(2048,4) dtype=<f2
  warmup=3  repeats=9  rounds=1  (median total over repeats, avg over 2 GPUs)

  Per-round averages:
    scatter:      0.106 ms  (  1.1%)
    dispatch:     0.634 ms  (  6.7%)  [AllGather + AllToAll-V]
    FFN:          8.159 ms  ( 85.9%)
    combine:      0.599 ms  (  6.3%)  [AllToAll-V reverse]
    ─────────────────────────────────
    round:        9.498 ms

  Full prefill (1 rounds):
    total:        9.603 ms
    throughput: 104.1 rounds/s
    avg round:     9.603 ms  (from total / N)

  EP overhead (scatter+dispatch+combine): 1.339 ms (14.1% of round)
  FFN fraction: 85.9%

  L2 checksum (round 0 d_combine_recv across all ranks):
    n_elts = 16777216   sum_sq = 1.526905e+02   L2 = 12.356798


--- strategy=csort ---

== bench_prefill  strategy=csort  prefix=syn_uniform_T2048  n_gpus=2  overlap=0  chunks=1  ffn=cublas ==

[npy] results/syn_uniform_T2048_embeddings.npy                 shape=(2048,2048) dtype=<f2
[npy] results/syn_uniform_T2048_assignments.npy                shape=(2048,4) dtype=<i4
[npy] results/syn_uniform_T2048_embeddings.npy                 shape=(2048,2048) dtype=<f2
[npy] results/syn_uniform_T2048_weights.npy                    shape=(2048,4) dtype=<f2
[npy] results/syn_uniform_T2048_assignments.npy                shape=(2048,4) dtype=<i4
[npy] results/syn_uniform_T2048_weights.npy                    shape=(2048,4) dtype=<f2
  warmup=3  repeats=9  rounds=1  (median total over repeats, avg over 2 GPUs)

  Per-round averages:
    scatter:      0.097 ms  (  1.0%)
    dispatch:     0.637 ms  (  6.7%)  [AllGather + AllToAll-V]
    FFN:          8.154 ms  ( 85.9%)
    combine:      0.602 ms  (  6.3%)  [AllToAll-V reverse]
    ─────────────────────────────────
    round:        9.489 ms

  Full prefill (1 rounds):
    total:        9.587 ms
    throughput: 104.3 rounds/s
    avg round:     9.587 ms  (from total / N)

  EP overhead (scatter+dispatch+combine): 1.336 ms (14.1% of round)
  FFN fraction: 85.9%

  L2 checksum (round 0 d_combine_recv across all ranks):
    n_elts = 16777216   sum_sq = 1.526905e+02   L2 = 12.356798


====== dist=uniform  T=8192 ======
--- strategy=atomic ---

== bench_prefill  strategy=atomic  prefix=syn_uniform_T8192  n_gpus=2  overlap=0  chunks=1  ffn=cublas ==

[npy] results/syn_uniform_T8192_embeddings.npy                 shape=(8192,2048) dtype=<f2
[npy] results/syn_uniform_T8192_assignments.npy                shape=(8192,4) dtype=<i4
[npy] results/syn_uniform_T8192_weights.npy                    shape=(8192,4) dtype=<f2
[npy] results/syn_uniform_T8192_embeddings.npy                 shape=(8192,2048) dtype=<f2
[npy] results/syn_uniform_T8192_assignments.npy                shape=(8192,4) dtype=<i4
[npy] results/syn_uniform_T8192_weights.npy                    shape=(8192,4) dtype=<f2
  warmup=3  repeats=9  rounds=1  (median total over repeats, avg over 2 GPUs)

  Per-round averages:
    scatter:      2.617 ms  ( 10.9%)
    dispatch:     1.922 ms  (  8.0%)  [AllGather + AllToAll-V]
    FFN:         17.663 ms  ( 73.4%)
    combine:      1.876 ms  (  7.8%)  [AllToAll-V reverse]
    ─────────────────────────────────
    round:       24.078 ms

  Full prefill (1 rounds):
    total:       24.195 ms
    throughput: 41.3 rounds/s
    avg round:    24.195 ms  (from total / N)

  EP overhead (scatter+dispatch+combine): 6.415 ms (26.6% of round)
  FFN fraction: 73.4%

  L2 checksum (round 0 d_combine_recv across all ranks):
    n_elts = 67108864   sum_sq = 6.106571e+02   L2 = 24.711477


--- strategy=sort ---

== bench_prefill  strategy=sort  prefix=syn_uniform_T8192  n_gpus=2  overlap=0  chunks=1  ffn=cublas ==

[npy] results/syn_uniform_T8192_embeddings.npy                 shape=(8192,2048) dtype=<f2
[npy] results/syn_uniform_T8192_embeddings.npy                 shape=(8192,2048) dtype=<f2
[npy] results/syn_uniform_T8192_assignments.npy                shape=(8192,4) dtype=<i4
[npy] results/syn_uniform_T8192_weights.npy                    shape=(8192,4) dtype=<f2
[npy] results/syn_uniform_T8192_assignments.npy                shape=(8192,4) dtype=<i4
[npy] results/syn_uniform_T8192_weights.npy                    shape=(8192,4) dtype=<f2
  warmup=3  repeats=9  rounds=1  (median total over repeats, avg over 2 GPUs)

  Per-round averages:
    scatter:      0.321 ms  (  1.5%)
    dispatch:     1.927 ms  (  8.9%)  [AllGather + AllToAll-V]
    FFN:         17.595 ms  ( 81.0%)
    combine:      1.888 ms  (  8.7%)  [AllToAll-V reverse]
    ─────────────────────────────────
    round:       21.732 ms

  Full prefill (1 rounds):
    total:       21.857 ms
    throughput: 45.8 rounds/s
    avg round:    21.857 ms  (from total / N)

  EP overhead (scatter+dispatch+combine): 4.136 ms (19.0% of round)
  FFN fraction: 81.0%

  L2 checksum (round 0 d_combine_recv across all ranks):
    n_elts = 67108864   sum_sq = 6.106571e+02   L2 = 24.711477


--- strategy=warp ---

== bench_prefill  strategy=warp  prefix=syn_uniform_T8192  n_gpus=2  overlap=0  chunks=1  ffn=cublas ==

[npy] results/syn_uniform_T8192_embeddings.npy                 shape=(8192,2048) dtype=<f2
[npy] results/syn_uniform_T8192_embeddings.npy                 shape=(8192,2048) dtype=<f2
[npy] results/syn_uniform_T8192_assignments.npy                shape=(8192,4) dtype=<i4
[npy] results/syn_uniform_T8192_weights.npy                    shape=(8192,4) dtype=<f2
[npy] results/syn_uniform_T8192_assignments.npy                shape=(8192,4) dtype=<i4
[npy] results/syn_uniform_T8192_weights.npy                    shape=(8192,4) dtype=<f2
  warmup=3  repeats=9  rounds=1  (median total over repeats, avg over 2 GPUs)

  Per-round averages:
    scatter:      0.285 ms  (  1.3%)
    dispatch:     1.919 ms  (  8.8%)  [AllGather + AllToAll-V]
    FFN:         17.675 ms  ( 81.2%)
    combine:      1.881 ms  (  8.6%)  [AllToAll-V reverse]
    ─────────────────────────────────
    round:       21.761 ms

  Full prefill (1 rounds):
    total:       21.927 ms
    throughput: 45.6 rounds/s
    avg round:    21.927 ms  (from total / N)

  EP overhead (scatter+dispatch+combine): 4.086 ms (18.8% of round)
  FFN fraction: 81.2%

  L2 checksum (round 0 d_combine_recv across all ranks):
    n_elts = 67108864   sum_sq = 6.106571e+02   L2 = 24.711477


--- strategy=vec ---

== bench_prefill  strategy=vec  prefix=syn_uniform_T8192  n_gpus=2  overlap=0  chunks=1  ffn=cublas ==

[npy] results/syn_uniform_T8192_embeddings.npy                 shape=(8192,2048) dtype=<f2
[npy] results/syn_uniform_T8192_embeddings.npy                 shape=(8192,2048) dtype=<f2
[npy] results/syn_uniform_T8192_assignments.npy                shape=(8192,4) dtype=<i4
[npy] results/syn_uniform_T8192_assignments.npy                shape=(8192,4) dtype=<i4
[npy] results/syn_uniform_T8192_weights.npy                    shape=(8192,4) dtype=<f2
[npy] results/syn_uniform_T8192_weights.npy                    shape=(8192,4) dtype=<f2
  warmup=3  repeats=9  rounds=1  (median total over repeats, avg over 2 GPUs)

  Per-round averages:
    scatter:      0.281 ms  (  1.3%)
    dispatch:     1.939 ms  (  9.0%)  [AllGather + AllToAll-V]
    FFN:         17.536 ms  ( 81.0%)
    combine:      1.903 ms  (  8.8%)  [AllToAll-V reverse]
    ─────────────────────────────────
    round:       21.659 ms

  Full prefill (1 rounds):
    total:       21.765 ms
    throughput: 45.9 rounds/s
    avg round:    21.765 ms  (from total / N)

  EP overhead (scatter+dispatch+combine): 4.123 ms (19.0% of round)
  FFN fraction: 81.0%

  L2 checksum (round 0 d_combine_recv across all ranks):
    n_elts = 67108864   sum_sq = 6.106571e+02   L2 = 24.711477


--- strategy=csort ---

== bench_prefill  strategy=csort  prefix=syn_uniform_T8192  n_gpus=2  overlap=0  chunks=1  ffn=cublas ==

[npy] results/syn_uniform_T8192_embeddings.npy                 shape=(8192,2048) dtype=<f2
[npy] results/syn_uniform_T8192_assignments.npy                shape=(8192,4) dtype=<i4
[npy] results/syn_uniform_T8192_weights.npy                    shape=(8192,4) dtype=<f2
[npy] results/syn_uniform_T8192_embeddings.npy                 shape=(8192,2048) dtype=<f2
[npy] results/syn_uniform_T8192_assignments.npy                shape=(8192,4) dtype=<i4
[npy] results/syn_uniform_T8192_weights.npy                    shape=(8192,4) dtype=<f2
  warmup=3  repeats=9  rounds=1  (median total over repeats, avg over 2 GPUs)

  Per-round averages:
    scatter:      0.188 ms  (  0.9%)
    dispatch:     1.929 ms  (  8.9%)  [AllGather + AllToAll-V]
    FFN:         17.717 ms  ( 81.6%)
    combine:      1.882 ms  (  8.7%)  [AllToAll-V reverse]
    ─────────────────────────────────
    round:       21.715 ms

  Full prefill (1 rounds):
    total:       21.830 ms
    throughput: 45.8 rounds/s
    avg round:    21.830 ms  (from total / N)

  EP overhead (scatter+dispatch+combine): 3.998 ms (18.4% of round)
  FFN fraction: 81.6%

  L2 checksum (round 0 d_combine_recv across all ranks):
    n_elts = 67108864   sum_sq = 6.106571e+02   L2 = 24.711477


====== dist=zipf  T=512 ======
--- strategy=atomic ---

== bench_prefill  strategy=atomic  prefix=syn_zipf_T512  n_gpus=2  overlap=0  chunks=1  ffn=cublas ==

[npy] results/syn_zipf_T512_embeddings.npy                     shape=(512,2048) dtype=<f2
[npy] results/syn_zipf_T512_assignments.npy                    shape=(512,4) dtype=<i4
[npy] results/syn_zipf_T512_weights.npy                        shape=(512,4) dtype=<f2
[npy] results/syn_zipf_T512_embeddings.npy                     shape=(512,2048) dtype=<f2
[npy] results/syn_zipf_T512_assignments.npy                    shape=(512,4) dtype=<i4
[npy] results/syn_zipf_T512_weights.npy                        shape=(512,4) dtype=<f2
  warmup=3  repeats=9  rounds=1  (median total over repeats, avg over 2 GPUs)

  Per-round averages:
    scatter:      1.073 ms  ( 12.6%)
    dispatch:     0.234 ms  (  2.8%)  [AllGather + AllToAll-V]
    FFN:          6.965 ms  ( 82.1%)
    combine:      0.212 ms  (  2.5%)  [AllToAll-V reverse]
    ─────────────────────────────────
    round:        8.484 ms

  Full prefill (1 rounds):
    total:        9.093 ms
    throughput: 110.0 rounds/s
    avg round:     9.093 ms  (from total / N)

  EP overhead (scatter+dispatch+combine): 1.519 ms (17.9% of round)
  FFN fraction: 82.1%

  L2 checksum (round 0 d_combine_recv across all ranks):
    n_elts = 4194304   sum_sq = 3.815384e+01   L2 = 6.176879


--- strategy=sort ---

== bench_prefill  strategy=sort  prefix=syn_zipf_T512  n_gpus=2  overlap=0  chunks=1  ffn=cublas ==

[npy] results/syn_zipf_T512_embeddings.npy                     shape=(512,2048) dtype=<f2
[npy] results/syn_zipf_T512_assignments.npy                    shape=(512,4) dtype=<i4
[npy] results/syn_zipf_T512_weights.npy                        shape=(512,4) dtype=<f2
[npy] results/syn_zipf_T512_embeddings.npy                     shape=(512,2048) dtype=<f2
[npy] results/syn_zipf_T512_assignments.npy                    shape=(512,4) dtype=<i4
[npy] results/syn_zipf_T512_weights.npy                        shape=(512,4) dtype=<f2
  warmup=3  repeats=9  rounds=1  (median total over repeats, avg over 2 GPUs)

  Per-round averages:
    scatter:      0.080 ms  (  1.1%)
    dispatch:     0.234 ms  (  3.1%)  [AllGather + AllToAll-V]
    FFN:          6.971 ms  ( 93.0%)
    combine:      0.211 ms  (  2.8%)  [AllToAll-V reverse]
    ─────────────────────────────────
    round:        7.497 ms

  Full prefill (1 rounds):
    total:        8.094 ms
    throughput: 123.5 rounds/s
    avg round:     8.094 ms  (from total / N)

  EP overhead (scatter+dispatch+combine): 0.526 ms (7.0% of round)
  FFN fraction: 93.0%

  L2 checksum (round 0 d_combine_recv across all ranks):
    n_elts = 4194304   sum_sq = 3.815384e+01   L2 = 6.176879


--- strategy=warp ---

== bench_prefill  strategy=warp  prefix=syn_zipf_T512  n_gpus=2  overlap=0  chunks=1  ffn=cublas ==

[npy] results/syn_zipf_T512_embeddings.npy                     shape=(512,2048) dtype=<f2
[npy] results/syn_zipf_T512_assignments.npy                    shape=(512,4) dtype=<i4
[npy] results/syn_zipf_T512_weights.npy                        shape=(512,4) dtype=<f2
[npy] results/syn_zipf_T512_embeddings.npy                     shape=(512,2048) dtype=<f2
[npy] results/syn_zipf_T512_assignments.npy                    shape=(512,4) dtype=<i4
[npy] results/syn_zipf_T512_weights.npy                        shape=(512,4) dtype=<f2
  warmup=3  repeats=9  rounds=1  (median total over repeats, avg over 2 GPUs)

  Per-round averages:
    scatter:      0.082 ms  (  1.1%)
    dispatch:     0.228 ms  (  3.0%)  [AllGather + AllToAll-V]
    FFN:          6.959 ms  ( 93.0%)
    combine:      0.213 ms  (  2.8%)  [AllToAll-V reverse]
    ─────────────────────────────────
    round:        7.482 ms

  Full prefill (1 rounds):
    total:        8.077 ms
    throughput: 123.8 rounds/s
    avg round:     8.077 ms  (from total / N)

  EP overhead (scatter+dispatch+combine): 0.523 ms (7.0% of round)
  FFN fraction: 93.0%

  L2 checksum (round 0 d_combine_recv across all ranks):
    n_elts = 4194304   sum_sq = 3.815384e+01   L2 = 6.176879


--- strategy=vec ---

== bench_prefill  strategy=vec  prefix=syn_zipf_T512  n_gpus=2  overlap=0  chunks=1  ffn=cublas ==

[npy] results/syn_zipf_T512_embeddings.npy                     shape=(512,2048) dtype=<f2
[npy] results/syn_zipf_T512_assignments.npy                    shape=(512,4) dtype=<i4
[npy] results/syn_zipf_T512_weights.npy                        shape=(512,4) dtype=<f2
[npy] results/syn_zipf_T512_embeddings.npy                     shape=(512,2048) dtype=<f2
[npy] results/syn_zipf_T512_assignments.npy                    shape=(512,4) dtype=<i4
[npy] results/syn_zipf_T512_weights.npy                        shape=(512,4) dtype=<f2
  warmup=3  repeats=9  rounds=1  (median total over repeats, avg over 2 GPUs)

  Per-round averages:
    scatter:      0.075 ms  (  1.0%)
    dispatch:     0.230 ms  (  3.1%)  [AllGather + AllToAll-V]
    FFN:          6.964 ms  ( 93.1%)
    combine:      0.210 ms  (  2.8%)  [AllToAll-V reverse]
    ─────────────────────────────────
    round:        7.478 ms

  Full prefill (1 rounds):
    total:        8.076 ms
    throughput: 123.8 rounds/s
    avg round:     8.076 ms  (from total / N)

  EP overhead (scatter+dispatch+combine): 0.515 ms (6.9% of round)
  FFN fraction: 93.1%

  L2 checksum (round 0 d_combine_recv across all ranks):
    n_elts = 4194304   sum_sq = 3.815384e+01   L2 = 6.176879


--- strategy=csort ---

== bench_prefill  strategy=csort  prefix=syn_zipf_T512  n_gpus=2  overlap=0  chunks=1  ffn=cublas ==

[npy] results/syn_zipf_T512_embeddings.npy                     shape=(512,2048) dtype=<f2
[npy] results/syn_zipf_T512_assignments.npy                    shape=(512,4) dtype=<i4
[npy] results/syn_zipf_T512_weights.npy                        shape=(512,4) dtype=<f2
[npy] results/syn_zipf_T512_embeddings.npy                     shape=(512,2048) dtype=<f2
[npy] results/syn_zipf_T512_assignments.npy                    shape=(512,4) dtype=<i4
[npy] results/syn_zipf_T512_weights.npy                        shape=(512,4) dtype=<f2
  warmup=3  repeats=9  rounds=1  (median total over repeats, avg over 2 GPUs)

  Per-round averages:
    scatter:      0.073 ms  (  1.0%)
    dispatch:     0.233 ms  (  3.1%)  [AllGather + AllToAll-V]
    FFN:          6.961 ms  ( 93.1%)
    combine:      0.207 ms  (  2.8%)  [AllToAll-V reverse]
    ─────────────────────────────────
    round:        7.475 ms

  Full prefill (1 rounds):
    total:        8.076 ms
    throughput: 123.8 rounds/s
    avg round:     8.076 ms  (from total / N)

  EP overhead (scatter+dispatch+combine): 0.514 ms (6.9% of round)
  FFN fraction: 93.1%

  L2 checksum (round 0 d_combine_recv across all ranks):
    n_elts = 4194304   sum_sq = 3.815384e+01   L2 = 6.176879


====== dist=zipf  T=2048 ======
--- strategy=atomic ---

== bench_prefill  strategy=atomic  prefix=syn_zipf_T2048  n_gpus=2  overlap=0  chunks=1  ffn=cublas ==

[npy] results/syn_zipf_T2048_embeddings.npy                    shape=(2048,2048) dtype=<f2
[npy] results/syn_zipf_T2048_assignments.npy                   shape=(2048,4) dtype=<i4
[npy] results/syn_zipf_T2048_weights.npy                       shape=(2048,4) dtype=<f2
[npy] results/syn_zipf_T2048_embeddings.npy                    shape=(2048,2048) dtype=<f2
[npy] results/syn_zipf_T2048_assignments.npy                   shape=(2048,4) dtype=<i4
[npy] results/syn_zipf_T2048_weights.npy                       shape=(2048,4) dtype=<f2
  warmup=3  repeats=9  rounds=1  (median total over repeats, avg over 2 GPUs)

  Per-round averages:
    scatter:      1.097 ms  (  9.7%)
    dispatch:     0.761 ms  (  6.7%)  [AllGather + AllToAll-V]
    FFN:          8.739 ms  ( 77.2%)
    combine:      0.716 ms  (  6.3%)  [AllToAll-V reverse]
    ─────────────────────────────────
    round:       11.313 ms

  Full prefill (1 rounds):
    total:       13.325 ms
    throughput: 75.0 rounds/s
    avg round:    13.325 ms  (from total / N)

  EP overhead (scatter+dispatch+combine): 2.574 ms (22.8% of round)
  FFN fraction: 77.2%

  L2 checksum (round 0 d_combine_recv across all ranks):
    n_elts = 16777216   sum_sq = 1.526194e+02   L2 = 12.353923


--- strategy=sort ---

== bench_prefill  strategy=sort  prefix=syn_zipf_T2048  n_gpus=2  overlap=0  chunks=1  ffn=cublas ==

[npy] results/syn_zipf_T2048_embeddings.npy                    shape=(2048,2048) dtype=<f2
[npy] results/syn_zipf_T2048_assignments.npy                   shape=(2048,4) dtype=<i4
[npy] results/syn_zipf_T2048_weights.npy                       shape=(2048,4) dtype=<f2
[npy] results/syn_zipf_T2048_embeddings.npy                    shape=(2048,2048) dtype=<f2
[npy] results/syn_zipf_T2048_assignments.npy                   shape=(2048,4) dtype=<i4
[npy] results/syn_zipf_T2048_weights.npy                       shape=(2048,4) dtype=<f2
  warmup=3  repeats=9  rounds=1  (median total over repeats, avg over 2 GPUs)

  Per-round averages:
    scatter:      0.128 ms  (  1.2%)
    dispatch:     0.759 ms  (  7.4%)  [AllGather + AllToAll-V]
    FFN:          8.719 ms  ( 84.4%)
    combine:      0.719 ms  (  7.0%)  [AllToAll-V reverse]
    ─────────────────────────────────
    round:       10.326 ms

  Full prefill (1 rounds):
    total:       12.308 ms
    throughput: 81.2 rounds/s
    avg round:    12.308 ms  (from total / N)

  EP overhead (scatter+dispatch+combine): 1.607 ms (15.6% of round)
  FFN fraction: 84.4%

  L2 checksum (round 0 d_combine_recv across all ranks):
    n_elts = 16777216   sum_sq = 1.526194e+02   L2 = 12.353923


--- strategy=warp ---

== bench_prefill  strategy=warp  prefix=syn_zipf_T2048  n_gpus=2  overlap=0  chunks=1  ffn=cublas ==

[npy] results/syn_zipf_T2048_embeddings.npy                    shape=(2048,2048) dtype=<f2
[npy] results/syn_zipf_T2048_assignments.npy                   shape=(2048,4) dtype=<i4
[npy] results/syn_zipf_T2048_weights.npy                       shape=(2048,4) dtype=<f2
[npy] results/syn_zipf_T2048_embeddings.npy                    shape=(2048,2048) dtype=<f2
[npy] results/syn_zipf_T2048_assignments.npy                   shape=(2048,4) dtype=<i4
[npy] results/syn_zipf_T2048_weights.npy                       shape=(2048,4) dtype=<f2
  warmup=3  repeats=9  rounds=1  (median total over repeats, avg over 2 GPUs)

  Per-round averages:
    scatter:      0.110 ms  (  1.1%)
    dispatch:     0.759 ms  (  7.4%)  [AllGather + AllToAll-V]
    FFN:          8.744 ms  ( 84.7%)
    combine:      0.716 ms  (  6.9%)  [AllToAll-V reverse]
    ─────────────────────────────────
    round:       10.330 ms

  Full prefill (1 rounds):
    total:       12.347 ms
    throughput: 81.0 rounds/s
    avg round:    12.347 ms  (from total / N)

  EP overhead (scatter+dispatch+combine): 1.586 ms (15.3% of round)
  FFN fraction: 84.7%

  L2 checksum (round 0 d_combine_recv across all ranks):
    n_elts = 16777216   sum_sq = 1.526194e+02   L2 = 12.353923


--- strategy=vec ---

== bench_prefill  strategy=vec  prefix=syn_zipf_T2048  n_gpus=2  overlap=0  chunks=1  ffn=cublas ==

[npy] results/syn_zipf_T2048_embeddings.npy                    shape=(2048,2048) dtype=<f2
[npy] results/syn_zipf_T2048_embeddings.npy                    shape=(2048,2048) dtype=<f2
[npy] results/syn_zipf_T2048_assignments.npy                   shape=(2048,4) dtype=<i4
[npy] results/syn_zipf_T2048_assignments.npy                   shape=(2048,4) dtype=<i4
[npy] results/syn_zipf_T2048_weights.npy                       shape=(2048,4) dtype=<f2
[npy] results/syn_zipf_T2048_weights.npy                       shape=(2048,4) dtype=<f2
  warmup=3  repeats=9  rounds=1  (median total over repeats, avg over 2 GPUs)

  Per-round averages:
    scatter:      0.111 ms  (  1.1%)
    dispatch:     0.762 ms  (  7.4%)  [AllGather + AllToAll-V]
    FFN:          8.733 ms  ( 84.6%)
    combine:      0.718 ms  (  7.0%)  [AllToAll-V reverse]
    ─────────────────────────────────
    round:       10.323 ms

  Full prefill (1 rounds):
    total:       12.311 ms
    throughput: 81.2 rounds/s
    avg round:    12.311 ms  (from total / N)

  EP overhead (scatter+dispatch+combine): 1.591 ms (15.4% of round)
  FFN fraction: 84.6%

  L2 checksum (round 0 d_combine_recv across all ranks):
    n_elts = 16777216   sum_sq = 1.526194e+02   L2 = 12.353923


--- strategy=csort ---

== bench_prefill  strategy=csort  prefix=syn_zipf_T2048  n_gpus=2  overlap=0  chunks=1  ffn=cublas ==

[npy] results/syn_zipf_T2048_embeddings.npy                    shape=(2048,2048) dtype=<f2
[npy] results/syn_zipf_T2048_embeddings.npy                    shape=(2048,2048) dtype=<f2
[npy] results/syn_zipf_T2048_assignments.npy                   shape=(2048,4) dtype=<i4
[npy] results/syn_zipf_T2048_assignments.npy                   shape=(2048,4) dtype=<i4
[npy] results/syn_zipf_T2048_weights.npy                       shape=(2048,4) dtype=<f2
[npy] results/syn_zipf_T2048_weights.npy                       shape=(2048,4) dtype=<f2
  warmup=3  repeats=9  rounds=1  (median total over repeats, avg over 2 GPUs)

  Per-round averages:
    scatter:      0.103 ms  (  1.0%)
    dispatch:     0.756 ms  (  7.3%)  [AllGather + AllToAll-V]
    FFN:          8.739 ms  ( 84.8%)
    combine:      0.705 ms  (  6.8%)  [AllToAll-V reverse]
    ─────────────────────────────────
    round:       10.303 ms

  Full prefill (1 rounds):
    total:       12.292 ms
    throughput: 81.4 rounds/s
    avg round:    12.292 ms  (from total / N)

  EP overhead (scatter+dispatch+combine): 1.564 ms (15.2% of round)
  FFN fraction: 84.8%

  L2 checksum (round 0 d_combine_recv across all ranks):
    n_elts = 16777216   sum_sq = 1.526194e+02   L2 = 12.353923


====== dist=zipf  T=8192 ======
--- strategy=atomic ---

== bench_prefill  strategy=atomic  prefix=syn_zipf_T8192  n_gpus=2  overlap=0  chunks=1  ffn=cublas ==

[npy] results/syn_zipf_T8192_embeddings.npy                    shape=(8192,2048) dtype=<f2
[npy] results/syn_zipf_T8192_assignments.npy                   shape=(8192,4) dtype=<i4
[npy] results/syn_zipf_T8192_embeddings.npy                    shape=(8192,2048) dtype=<f2
[npy] results/syn_zipf_T8192_weights.npy                       shape=(8192,4) dtype=<f2
[npy] results/syn_zipf_T8192_assignments.npy                   shape=(8192,4) dtype=<i4
[npy] results/syn_zipf_T8192_weights.npy                       shape=(8192,4) dtype=<f2
  warmup=3  repeats=9  rounds=1  (median total over repeats, avg over 2 GPUs)

  Per-round averages:
    scatter:      2.045 ms  (  8.3%)
    dispatch:     2.874 ms  ( 11.6%)  [AllGather + AllToAll-V]
    FFN:         16.688 ms  ( 67.6%)
    combine:      3.085 ms  ( 12.5%)  [AllToAll-V reverse]
    ─────────────────────────────────
    round:       24.692 ms

  Full prefill (1 rounds):
    total:       33.631 ms
    throughput: 29.7 rounds/s
    avg round:    33.631 ms  (from total / N)

  EP overhead (scatter+dispatch+combine): 8.005 ms (32.4% of round)
  FFN fraction: 67.6%

  L2 checksum (round 0 d_combine_recv across all ranks):
    n_elts = 67108864   sum_sq = 6.107166e+02   L2 = 24.712680


--- strategy=sort ---

== bench_prefill  strategy=sort  prefix=syn_zipf_T8192  n_gpus=2  overlap=0  chunks=1  ffn=cublas ==

[npy] results/syn_zipf_T8192_embeddings.npy                    shape=(8192,2048) dtype=<f2
[npy] results/syn_zipf_T8192_assignments.npy                   shape=(8192,4) dtype=<i4
[npy] results/syn_zipf_T8192_weights.npy                       shape=(8192,4) dtype=<f2
[npy] results/syn_zipf_T8192_embeddings.npy                    shape=(8192,2048) dtype=<f2
[npy] results/syn_zipf_T8192_assignments.npy                   shape=(8192,4) dtype=<i4
[npy] results/syn_zipf_T8192_weights.npy                       shape=(8192,4) dtype=<f2
  warmup=3  repeats=9  rounds=1  (median total over repeats, avg over 2 GPUs)

  Per-round averages:
    scatter:      0.324 ms  (  1.4%)
    dispatch:     2.863 ms  ( 12.6%)  [AllGather + AllToAll-V]
    FFN:         16.579 ms  ( 72.7%)
    combine:      3.042 ms  ( 13.3%)  [AllToAll-V reverse]
    ─────────────────────────────────
    round:       22.809 ms

  Full prefill (1 rounds):
    total:       31.656 ms
    throughput: 31.6 rounds/s
    avg round:    31.656 ms  (from total / N)

  EP overhead (scatter+dispatch+combine): 6.230 ms (27.3% of round)
  FFN fraction: 72.7%

  L2 checksum (round 0 d_combine_recv across all ranks):
    n_elts = 67108864   sum_sq = 6.107166e+02   L2 = 24.712680


--- strategy=warp ---

== bench_prefill  strategy=warp  prefix=syn_zipf_T8192  n_gpus=2  overlap=0  chunks=1  ffn=cublas ==

[npy] results/syn_zipf_T8192_embeddings.npy                    shape=(8192,2048) dtype=<f2
[npy] results/syn_zipf_T8192_embeddings.npy                    shape=(8192,2048) dtype=<f2
[npy] results/syn_zipf_T8192_assignments.npy                   shape=(8192,4) dtype=<i4
[npy] results/syn_zipf_T8192_weights.npy                       shape=(8192,4) dtype=<f2
[npy] results/syn_zipf_T8192_assignments.npy                   shape=(8192,4) dtype=<i4
[npy] results/syn_zipf_T8192_weights.npy                       shape=(8192,4) dtype=<f2
  warmup=3  repeats=9  rounds=1  (median total over repeats, avg over 2 GPUs)

  Per-round averages:
    scatter:      0.292 ms  (  1.3%)
    dispatch:     2.846 ms  ( 12.5%)  [AllGather + AllToAll-V]
    FFN:         16.603 ms  ( 72.8%)
    combine:      3.058 ms  ( 13.4%)  [AllToAll-V reverse]
    ─────────────────────────────────
    round:       22.799 ms

  Full prefill (1 rounds):
    total:       31.635 ms
    throughput: 31.6 rounds/s
    avg round:    31.635 ms  (from total / N)

  EP overhead (scatter+dispatch+combine): 6.196 ms (27.2% of round)
  FFN fraction: 72.8%

  L2 checksum (round 0 d_combine_recv across all ranks):
    n_elts = 67108864   sum_sq = 6.107166e+02   L2 = 24.712680


--- strategy=vec ---

== bench_prefill  strategy=vec  prefix=syn_zipf_T8192  n_gpus=2  overlap=0  chunks=1  ffn=cublas ==

[npy] results/syn_zipf_T8192_embeddings.npy                    shape=(8192,2048) dtype=<f2
[npy] results/syn_zipf_T8192_embeddings.npy                    shape=(8192,2048) dtype=<f2
[npy] results/syn_zipf_T8192_assignments.npy                   shape=(8192,4) dtype=<i4
[npy] results/syn_zipf_T8192_weights.npy                       shape=(8192,4) dtype=<f2
[npy] results/syn_zipf_T8192_assignments.npy                   shape=(8192,4) dtype=<i4
[npy] results/syn_zipf_T8192_weights.npy                       shape=(8192,4) dtype=<f2
  warmup=3  repeats=9  rounds=1  (median total over repeats, avg over 2 GPUs)

  Per-round averages:
    scatter:      0.288 ms  (  1.3%)
    dispatch:     2.861 ms  ( 12.5%)  [AllGather + AllToAll-V]
    FFN:         16.648 ms  ( 72.7%)
    combine:      3.092 ms  ( 13.5%)  [AllToAll-V reverse]
    ─────────────────────────────────
    round:       22.889 ms

  Full prefill (1 rounds):
    total:       31.762 ms
    throughput: 31.5 rounds/s
    avg round:    31.762 ms  (from total / N)

  EP overhead (scatter+dispatch+combine): 6.241 ms (27.3% of round)
  FFN fraction: 72.7%

  L2 checksum (round 0 d_combine_recv across all ranks):
    n_elts = 67108864   sum_sq = 6.107166e+02   L2 = 24.712680


--- strategy=csort ---

== bench_prefill  strategy=csort  prefix=syn_zipf_T8192  n_gpus=2  overlap=0  chunks=1  ffn=cublas ==

[npy] results/syn_zipf_T8192_embeddings.npy                    shape=(8192,2048) dtype=<f2
[npy] results/syn_zipf_T8192_embeddings.npy                    shape=(8192,2048) dtype=<f2
[npy] results/syn_zipf_T8192_assignments.npy                   shape=(8192,4) dtype=<i4
[npy] results/syn_zipf_T8192_assignments.npy                   shape=(8192,4) dtype=<i4
[npy] results/syn_zipf_T8192_weights.npy                       shape=(8192,4) dtype=<f2
[npy] results/syn_zipf_T8192_weights.npy                       shape=(8192,4) dtype=<f2
  warmup=3  repeats=9  rounds=1  (median total over repeats, avg over 2 GPUs)

  Per-round averages:
    scatter:      0.195 ms  (  0.9%)
    dispatch:     2.871 ms  ( 12.7%)  [AllGather + AllToAll-V]
    FFN:         16.580 ms  ( 73.1%)
    combine:      3.046 ms  ( 13.4%)  [AllToAll-V reverse]
    ─────────────────────────────────
    round:       22.692 ms

  Full prefill (1 rounds):
    total:       31.547 ms
    throughput: 31.7 rounds/s
    avg round:    31.547 ms  (from total / N)

  EP overhead (scatter+dispatch+combine): 6.112 ms (26.9% of round)
  FFN fraction: 73.1%

  L2 checksum (round 0 d_combine_recv across all ranks):
    n_elts = 67108864   sum_sq = 6.107166e+02   L2 = 24.712680


====== chunks comparison: T=2048 N=16, 4 GPU, csort, overlap=1 ======
--- chunks=1 ---

== bench_prefill  strategy=csort  prefix=syn_uniform_T2048_N16  n_gpus=4  overlap=1  chunks=1  ffn=cublas ==

[npy] results/syn_uniform_T2048_N16_embeddings.npy             shape=(2048,2048) dtype=<f2
[npy] results/syn_uniform_T2048_N16_embeddings.npy             shape=(2048,2048) dtype=<f2
[npy] results/syn_uniform_T2048_N16_embeddings.npy             shape=(2048,2048) dtype=<f2
[npy] results/syn_uniform_T2048_N16_embeddings.npy             shape=(2048,2048) dtype=<f2
[npy] results/syn_uniform_T2048_N16_assignments.npy            shape=(32768,4) dtype=<i4
[npy] results/syn_uniform_T2048_N16_assignments.npy            shape=(32768,4) dtype=<i4
[npy] results/syn_uniform_T2048_N16_assignments.npy            shape=(32768,4) dtype=<i4
[npy] results/syn_uniform_T2048_N16_assignments.npy            shape=(32768,4) dtype=<i4
[npy] results/syn_uniform_T2048_N16_weights.npy                shape=(32768,4) dtype=<f2
[npy] results/syn_uniform_T2048_N16_weights.npy                shape=(32768,4) dtype=<f2
[npy] results/syn_uniform_T2048_N16_weights.npy                shape=(32768,4) dtype=<f2
[npy] results/syn_uniform_T2048_N16_weights.npy                shape=(32768,4) dtype=<f2
  warmup=3  repeats=9  rounds=16  (median total over repeats, avg over 4 GPUs)

  Per-stage breakdown not measured in overlap mode
  (sub-stage timers would force host syncs that defeat pipelining).

  Full prefill (16 rounds):
    total:      144.730 ms
    throughput: 110.6 rounds/s
    avg round:     9.046 ms  (from total / N)

  L2 checksum (round 0 d_combine_recv across all ranks):
    n_elts = 16777216   sum_sq = 3.126608e+05   L2 = 559.160768


--- chunks=2 ---

== bench_prefill  strategy=csort  prefix=syn_uniform_T2048_N16  n_gpus=4  overlap=1  chunks=2  ffn=cublas ==

[npy] results/syn_uniform_T2048_N16_embeddings.npy             shape=(2048,2048) dtype=<f2
[npy] results/syn_uniform_T2048_N16_assignments.npy            shape=(32768,4) dtype=<i4
[npy] results/syn_uniform_T2048_N16_weights.npy                shape=(32768,4) dtype=<f2
[npy] results/syn_uniform_T2048_N16_embeddings.npy             shape=(2048,2048) dtype=<f2
[npy] results/syn_uniform_T2048_N16_embeddings.npy             shape=(2048,2048) dtype=<f2
[npy] results/syn_uniform_T2048_N16_assignments.npy            shape=(32768,4) dtype=<i4
[npy] results/syn_uniform_T2048_N16_weights.npy                shape=(32768,4) dtype=<f2
[npy] results/syn_uniform_T2048_N16_assignments.npy            shape=(32768,4) dtype=<i4
[npy] results/syn_uniform_T2048_N16_weights.npy                shape=(32768,4) dtype=<f2
[npy] results/syn_uniform_T2048_N16_embeddings.npy             shape=(2048,2048) dtype=<f2
[npy] results/syn_uniform_T2048_N16_assignments.npy            shape=(32768,4) dtype=<i4
[npy] results/syn_uniform_T2048_N16_weights.npy                shape=(32768,4) dtype=<f2
  warmup=3  repeats=9  rounds=16  (median total over repeats, avg over 4 GPUs)

  Per-stage breakdown not measured in overlap mode
  (sub-stage timers would force host syncs that defeat pipelining).

  Full prefill (16 rounds):
    total:      148.506 ms
    throughput: 107.7 rounds/s
    avg round:     9.282 ms  (from total / N)

  L2 checksum (round 0 d_combine_recv across all ranks):
    n_elts = 16777216   sum_sq = 3.126608e+05   L2 = 559.160768


--- chunks=4 ---

== bench_prefill  strategy=csort  prefix=syn_uniform_T2048_N16  n_gpus=4  overlap=1  chunks=4  ffn=cublas ==

[npy] results/syn_uniform_T2048_N16_embeddings.npy             shape=(2048,2048) dtype=<f2
[npy] results/syn_uniform_T2048_N16_embeddings.npy             shape=(2048,2048) dtype=<f2
[npy] results/syn_uniform_T2048_N16_embeddings.npy             shape=(2048,2048) dtype=<f2
[npy] results/syn_uniform_T2048_N16_assignments.npy            shape=(32768,4) dtype=<i4
[npy] results/syn_uniform_T2048_N16_assignments.npy            shape=(32768,4) dtype=<i4
[npy] results/syn_uniform_T2048_N16_embeddings.npy             shape=(2048,2048) dtype=<f2
[npy] results/syn_uniform_T2048_N16_assignments.npy            shape=(32768,4) dtype=<i4
[npy] results/syn_uniform_T2048_N16_weights.npy                shape=(32768,4) dtype=<f2
[npy] results/syn_uniform_T2048_N16_weights.npy                shape=(32768,4) dtype=<f2
[npy] results/syn_uniform_T2048_N16_weights.npy                shape=(32768,4) dtype=<f2
[npy] results/syn_uniform_T2048_N16_assignments.npy            shape=(32768,4) dtype=<i4
[npy] results/syn_uniform_T2048_N16_weights.npy                shape=(32768,4) dtype=<f2
  warmup=3  repeats=9  rounds=16  (median total over repeats, avg over 4 GPUs)

  Per-stage breakdown not measured in overlap mode
  (sub-stage timers would force host syncs that defeat pipelining).

  Full prefill (16 rounds):
    total:      153.491 ms
    throughput: 104.2 rounds/s
    avg round:     9.593 ms  (from total / N)

  L2 checksum (round 0 d_combine_recv across all ranks):
    n_elts = 16777216   sum_sq = 3.126608e+05   L2 = 559.160768


=== Done ===
