=== T-scan: scatter strategy vs token count ===
Date: Wed Apr 29 20:27:30 EDT 2026  Node: v003.ib.bridges2.psc.edu
GPUs=2  overlap=0  warmup=3  repeats=9

====== dist=uniform  T=512 ======
--- strategy=atomic ---

== bench_prefill  strategy=atomic  prefix=syn_uniform_T512  n_gpus=2  overlap=0  chunks=1  ffn=cublas ==

[npy] results/syn_uniform_T512_embeddings.npy                  shape=(512,2048) dtype=<f2
[npy] results/syn_uniform_T512_embeddings.npy                  shape=(512,2048) dtype=<f2
[npy] results/syn_uniform_T512_assignments.npy                 shape=(512,4) dtype=<i4
[npy] results/syn_uniform_T512_assignments.npy                 shape=(512,4) dtype=<i4
[npy] results/syn_uniform_T512_weights.npy                     shape=(512,4) dtype=<f2
[npy] results/syn_uniform_T512_weights.npy                     shape=(512,4) dtype=<f2
  warmup=3  repeats=9  rounds=1  (median total over repeats, avg over 2 GPUs)

  Per-round averages:
    scatter:      1.172 ms  ( 13.6%)
    dispatch:     0.204 ms  (  2.4%)  [AllGather + AllToAll-V]
    FFN:          7.095 ms  ( 82.0%)
    combine:      0.176 ms  (  2.0%)  [AllToAll-V reverse]
    ─────────────────────────────────
    round:        8.648 ms

  Full prefill (1 rounds):
    total:        8.992 ms
    throughput: 111.2 rounds/s
    avg round:     8.992 ms  (from total / N)

  EP overhead (scatter+dispatch+combine): 1.552 ms (18.0% of round)
  FFN fraction: 82.0%

  L2 checksum (round 0 d_combine_recv across all ranks):
    n_elts = 4194304   sum_sq = 3.815864e+01   L2 = 6.177268


--- strategy=sort ---

== bench_prefill  strategy=sort  prefix=syn_uniform_T512  n_gpus=2  overlap=0  chunks=1  ffn=cublas ==

[npy] results/syn_uniform_T512_embeddings.npy                  shape=(512,2048) dtype=<f2
[npy] results/syn_uniform_T512_assignments.npy                 shape=(512,4) dtype=<i4
[npy] results/syn_uniform_T512_embeddings.npy                  shape=(512,2048) dtype=<f2
[npy] results/syn_uniform_T512_assignments.npy                 shape=(512,4) dtype=<i4
[npy] results/syn_uniform_T512_weights.npy                     shape=(512,4) dtype=<f2
[npy] results/syn_uniform_T512_weights.npy                     shape=(512,4) dtype=<f2
  warmup=3  repeats=9  rounds=1  (median total over repeats, avg over 2 GPUs)

  Per-round averages:
    scatter:      0.080 ms  (  1.1%)
    dispatch:     0.190 ms  (  2.6%)  [AllGather + AllToAll-V]
    FFN:          6.913 ms  ( 94.1%)
    combine:      0.164 ms  (  2.2%)  [AllToAll-V reverse]
    ─────────────────────────────────
    round:        7.347 ms

  Full prefill (1 rounds):
    total:        7.438 ms
    throughput: 134.4 rounds/s
    avg round:     7.438 ms  (from total / N)

  EP overhead (scatter+dispatch+combine): 0.435 ms (5.9% of round)
  FFN fraction: 94.1%

  L2 checksum (round 0 d_combine_recv across all ranks):
    n_elts = 4194304   sum_sq = 3.815864e+01   L2 = 6.177268


--- strategy=warp ---

== bench_prefill  strategy=warp  prefix=syn_uniform_T512  n_gpus=2  overlap=0  chunks=1  ffn=cublas ==

[npy] results/syn_uniform_T512_embeddings.npy                  shape=(512,2048) dtype=<f2
[npy] results/syn_uniform_T512_assignments.npy                 shape=(512,4) dtype=<i4
[npy] results/syn_uniform_T512_embeddings.npy                  shape=(512,2048) dtype=<f2
[npy] results/syn_uniform_T512_weights.npy                     shape=(512,4) dtype=<f2
[npy] results/syn_uniform_T512_assignments.npy                 shape=(512,4) dtype=<i4
[npy] results/syn_uniform_T512_weights.npy                     shape=(512,4) dtype=<f2
  warmup=3  repeats=9  rounds=1  (median total over repeats, avg over 2 GPUs)

  Per-round averages:
    scatter:      0.076 ms  (  1.0%)
    dispatch:     0.188 ms  (  2.6%)  [AllGather + AllToAll-V]
    FFN:          6.900 ms  ( 94.1%)
    combine:      0.166 ms  (  2.3%)  [AllToAll-V reverse]
    ─────────────────────────────────
    round:        7.330 ms

  Full prefill (1 rounds):
    total:        7.421 ms
    throughput: 134.8 rounds/s
    avg round:     7.421 ms  (from total / N)

  EP overhead (scatter+dispatch+combine): 0.431 ms (5.9% of round)
  FFN fraction: 94.1%

  L2 checksum (round 0 d_combine_recv across all ranks):
    n_elts = 4194304   sum_sq = 3.815864e+01   L2 = 6.177268


--- strategy=vec ---

== bench_prefill  strategy=vec  prefix=syn_uniform_T512  n_gpus=2  overlap=0  chunks=1  ffn=cublas ==

[npy] results/syn_uniform_T512_embeddings.npy                  shape=(512,2048) dtype=<f2
[npy] results/syn_uniform_T512_embeddings.npy                  shape=(512,2048) dtype=<f2
[npy] results/syn_uniform_T512_assignments.npy                 shape=(512,4) dtype=<i4
[npy] results/syn_uniform_T512_assignments.npy                 shape=(512,4) dtype=<i4
[npy] results/syn_uniform_T512_weights.npy                     shape=(512,4) dtype=<f2
[npy] results/syn_uniform_T512_weights.npy                     shape=(512,4) dtype=<f2
  warmup=3  repeats=9  rounds=1  (median total over repeats, avg over 2 GPUs)

  Per-round averages:
    scatter:      0.078 ms  (  1.1%)
    dispatch:     0.186 ms  (  2.5%)  [AllGather + AllToAll-V]
    FFN:          6.914 ms  ( 94.2%)
    combine:      0.163 ms  (  2.2%)  [AllToAll-V reverse]
    ─────────────────────────────────
    round:        7.341 ms

  Full prefill (1 rounds):
    total:        7.420 ms
    throughput: 134.8 rounds/s
    avg round:     7.420 ms  (from total / N)

  EP overhead (scatter+dispatch+combine): 0.427 ms (5.8% of round)
  FFN fraction: 94.2%

  L2 checksum (round 0 d_combine_recv across all ranks):
    n_elts = 4194304   sum_sq = 3.815864e+01   L2 = 6.177268


--- strategy=csort ---

== bench_prefill  strategy=csort  prefix=syn_uniform_T512  n_gpus=2  overlap=0  chunks=1  ffn=cublas ==

[npy] results/syn_uniform_T512_embeddings.npy                  shape=(512,2048) dtype=<f2
[npy] results/syn_uniform_T512_assignments.npy                 shape=(512,4) dtype=<i4
[npy] results/syn_uniform_T512_weights.npy                     shape=(512,4) dtype=<f2
[npy] results/syn_uniform_T512_embeddings.npy                  shape=(512,2048) dtype=<f2
[npy] results/syn_uniform_T512_assignments.npy                 shape=(512,4) dtype=<i4
[npy] results/syn_uniform_T512_weights.npy                     shape=(512,4) dtype=<f2
  warmup=3  repeats=9  rounds=1  (median total over repeats, avg over 2 GPUs)

  Per-round averages:
    scatter:      0.075 ms  (  1.0%)
    dispatch:     0.191 ms  (  2.6%)  [AllGather + AllToAll-V]
    FFN:          6.908 ms  ( 94.1%)
    combine:      0.164 ms  (  2.2%)  [AllToAll-V reverse]
    ─────────────────────────────────
    round:        7.339 ms

  Full prefill (1 rounds):
    total:        7.416 ms
    throughput: 134.8 rounds/s
    avg round:     7.416 ms  (from total / N)

  EP overhead (scatter+dispatch+combine): 0.431 ms (5.9% of round)
  FFN fraction: 94.1%

  L2 checksum (round 0 d_combine_recv across all ranks):
    n_elts = 4194304   sum_sq = 3.815864e+01   L2 = 6.177268


====== dist=uniform  T=2048 ======
--- strategy=atomic ---

== bench_prefill  strategy=atomic  prefix=syn_uniform_T2048  n_gpus=2  overlap=0  chunks=1  ffn=cublas ==

[npy] results/syn_uniform_T2048_embeddings.npy                 shape=(2048,2048) dtype=<f2
[npy] results/syn_uniform_T2048_assignments.npy                shape=(2048,4) dtype=<i4
[npy] results/syn_uniform_T2048_weights.npy                    shape=(2048,4) dtype=<f2
[npy] results/syn_uniform_T2048_embeddings.npy                 shape=(2048,2048) dtype=<f2
[npy] results/syn_uniform_T2048_assignments.npy                shape=(2048,4) dtype=<i4
[npy] results/syn_uniform_T2048_weights.npy                    shape=(2048,4) dtype=<f2
  warmup=3  repeats=9  rounds=1  (median total over repeats, avg over 2 GPUs)

  Per-round averages:
    scatter:      1.096 ms  ( 10.5%)
    dispatch:     0.625 ms  (  6.0%)  [AllGather + AllToAll-V]
    FFN:          8.146 ms  ( 77.8%)
    combine:      0.598 ms  (  5.7%)  [AllToAll-V reverse]
    ─────────────────────────────────
    round:       10.465 ms

  Full prefill (1 rounds):
    total:       10.588 ms
    throughput: 94.4 rounds/s
    avg round:    10.588 ms  (from total / N)

  EP overhead (scatter+dispatch+combine): 2.319 ms (22.2% of round)
  FFN fraction: 77.8%

  L2 checksum (round 0 d_combine_recv across all ranks):
    n_elts = 16777216   sum_sq = 1.526905e+02   L2 = 12.356798


--- strategy=sort ---

== bench_prefill  strategy=sort  prefix=syn_uniform_T2048  n_gpus=2  overlap=0  chunks=1  ffn=cublas ==

[npy] results/syn_uniform_T2048_embeddings.npy                 shape=(2048,2048) dtype=<f2
[npy] results/syn_uniform_T2048_assignments.npy                shape=(2048,4) dtype=<i4
[npy] results/syn_uniform_T2048_weights.npy                    shape=(2048,4) dtype=<f2
[npy] results/syn_uniform_T2048_embeddings.npy                 shape=(2048,2048) dtype=<f2
[npy] results/syn_uniform_T2048_assignments.npy                shape=(2048,4) dtype=<i4
[npy] results/syn_uniform_T2048_weights.npy                    shape=(2048,4) dtype=<f2
  warmup=3  repeats=9  rounds=1  (median total over repeats, avg over 2 GPUs)

  Per-round averages:
    scatter:      0.119 ms  (  1.3%)
    dispatch:     0.634 ms  (  6.7%)  [AllGather + AllToAll-V]
    FFN:          8.146 ms  ( 85.7%)
    combine:      0.600 ms  (  6.3%)  [AllToAll-V reverse]
    ─────────────────────────────────
    round:        9.500 ms

  Full prefill (1 rounds):
    total:        9.596 ms
    throughput: 104.2 rounds/s
    avg round:     9.596 ms  (from total / N)

  EP overhead (scatter+dispatch+combine): 1.354 ms (14.3% of round)
  FFN fraction: 85.7%

  L2 checksum (round 0 d_combine_recv across all ranks):
    n_elts = 16777216   sum_sq = 1.526905e+02   L2 = 12.356798


--- strategy=warp ---

== bench_prefill  strategy=warp  prefix=syn_uniform_T2048  n_gpus=2  overlap=0  chunks=1  ffn=cublas ==

[npy] results/syn_uniform_T2048_embeddings.npy                 shape=(2048,2048) dtype=<f2
[npy] results/syn_uniform_T2048_assignments.npy                shape=(2048,4) dtype=<i4
[npy] results/syn_uniform_T2048_weights.npy                    shape=(2048,4) dtype=<f2
[npy] results/syn_uniform_T2048_embeddings.npy                 shape=(2048,2048) dtype=<f2
[npy] results/syn_uniform_T2048_assignments.npy                shape=(2048,4) dtype=<i4
[npy] results/syn_uniform_T2048_weights.npy                    shape=(2048,4) dtype=<f2
  warmup=3  repeats=9  rounds=1  (median total over repeats, avg over 2 GPUs)

  Per-round averages:
    scatter:      0.107 ms  (  1.1%)
    dispatch:     0.630 ms  (  6.7%)  [AllGather + AllToAll-V]
    FFN:          8.136 ms  ( 85.9%)
    combine:      0.601 ms  (  6.3%)  [AllToAll-V reverse]
    ─────────────────────────────────
    round:        9.474 ms

  Full prefill (1 rounds):
    total:        9.594 ms
    throughput: 104.2 rounds/s
    avg round:     9.594 ms  (from total / N)

  EP overhead (scatter+dispatch+combine): 1.338 ms (14.1% of round)
  FFN fraction: 85.9%

  L2 checksum (round 0 d_combine_recv across all ranks):
    n_elts = 16777216   sum_sq = 1.526905e+02   L2 = 12.356798


--- strategy=vec ---

== bench_prefill  strategy=vec  prefix=syn_uniform_T2048  n_gpus=2  overlap=0  chunks=1  ffn=cublas ==

[npy] results/syn_uniform_T2048_embeddings.npy                 shape=(2048,2048) dtype=<f2
[npy] results/syn_uniform_T2048_assignments.npy                shape=(2048,4) dtype=<i4
[npy] results/syn_uniform_T2048_weights.npy                    shape=(2048,4) dtype=<f2
[npy] results/syn_uniform_T2048_embeddings.npy                 shape=(2048,2048) dtype=<f2
[npy] results/syn_uniform_T2048_assignments.npy                shape=(2048,4) dtype=<i4
[npy] results/syn_uniform_T2048_weights.npy                    shape=(2048,4) dtype=<f2
  warmup=3  repeats=9  rounds=1  (median total over repeats, avg over 2 GPUs)

  Per-round averages:
    scatter:      0.104 ms  (  1.1%)
    dispatch:     0.641 ms  (  6.8%)  [AllGather + AllToAll-V]
    FFN:          8.146 ms  ( 85.8%)
    combine:      0.604 ms  (  6.4%)  [AllToAll-V reverse]
    ─────────────────────────────────
    round:        9.496 ms

  Full prefill (1 rounds):
    total:        9.595 ms
    throughput: 104.2 rounds/s
    avg round:     9.595 ms  (from total / N)

  EP overhead (scatter+dispatch+combine): 1.350 ms (14.2% of round)
  FFN fraction: 85.8%

  L2 checksum (round 0 d_combine_recv across all ranks):
    n_elts = 16777216   sum_sq = 1.526905e+02   L2 = 12.356798


--- strategy=csort ---

== bench_prefill  strategy=csort  prefix=syn_uniform_T2048  n_gpus=2  overlap=0  chunks=1  ffn=cublas ==

[npy] results/syn_uniform_T2048_embeddings.npy                 shape=(2048,2048) dtype=<f2
[npy] results/syn_uniform_T2048_assignments.npy                shape=(2048,4) dtype=<i4
[npy] results/syn_uniform_T2048_weights.npy                    shape=(2048,4) dtype=<f2
[npy] results/syn_uniform_T2048_embeddings.npy                 shape=(2048,2048) dtype=<f2
[npy] results/syn_uniform_T2048_assignments.npy                shape=(2048,4) dtype=<i4
[npy] results/syn_uniform_T2048_weights.npy                    shape=(2048,4) dtype=<f2
  warmup=3  repeats=9  rounds=1  (median total over repeats, avg over 2 GPUs)

  Per-round averages:
    scatter:      0.097 ms  (  1.0%)
    dispatch:     0.643 ms  (  6.8%)  [AllGather + AllToAll-V]
    FFN:          8.138 ms  ( 85.9%)
    combine:      0.598 ms  (  6.3%)  [AllToAll-V reverse]
    ─────────────────────────────────
    round:        9.476 ms

  Full prefill (1 rounds):
    total:        9.580 ms
    throughput: 104.4 rounds/s
    avg round:     9.580 ms  (from total / N)

  EP overhead (scatter+dispatch+combine): 1.338 ms (14.1% of round)
  FFN fraction: 85.9%

  L2 checksum (round 0 d_combine_recv across all ranks):
    n_elts = 16777216   sum_sq = 1.526905e+02   L2 = 12.356798


====== dist=uniform  T=8192 ======
--- strategy=atomic ---

== bench_prefill  strategy=atomic  prefix=syn_uniform_T8192  n_gpus=2  overlap=0  chunks=1  ffn=cublas ==

[npy] results/syn_uniform_T8192_embeddings.npy                 shape=(8192,2048) dtype=<f2
[npy] results/syn_uniform_T8192_embeddings.npy                 shape=(8192,2048) dtype=<f2
[npy] results/syn_uniform_T8192_assignments.npy                shape=(8192,4) dtype=<i4
[npy] results/syn_uniform_T8192_assignments.npy                shape=(8192,4) dtype=<i4
[npy] results/syn_uniform_T8192_weights.npy                    shape=(8192,4) dtype=<f2
[npy] results/syn_uniform_T8192_weights.npy                    shape=(8192,4) dtype=<f2
  warmup=3  repeats=9  rounds=1  (median total over repeats, avg over 2 GPUs)

  Per-round averages:
    scatter:      2.634 ms  ( 10.9%)
    dispatch:     1.924 ms  (  8.0%)  [AllGather + AllToAll-V]
    FFN:         17.671 ms  ( 73.3%)
    combine:      1.879 ms  (  7.8%)  [AllToAll-V reverse]
    ─────────────────────────────────
    round:       24.107 ms

  Full prefill (1 rounds):
    total:       24.371 ms
    throughput: 41.0 rounds/s
    avg round:    24.371 ms  (from total / N)

  EP overhead (scatter+dispatch+combine): 6.436 ms (26.7% of round)
  FFN fraction: 73.3%

  L2 checksum (round 0 d_combine_recv across all ranks):
    n_elts = 67108864   sum_sq = 6.106571e+02   L2 = 24.711477


--- strategy=sort ---

== bench_prefill  strategy=sort  prefix=syn_uniform_T8192  n_gpus=2  overlap=0  chunks=1  ffn=cublas ==

[npy] results/syn_uniform_T8192_embeddings.npy                 shape=(8192,2048) dtype=<f2
[npy] results/syn_uniform_T8192_embeddings.npy                 shape=(8192,2048) dtype=<f2
[npy] results/syn_uniform_T8192_assignments.npy                shape=(8192,4) dtype=<i4
[npy] results/syn_uniform_T8192_assignments.npy                shape=(8192,4) dtype=<i4
[npy] results/syn_uniform_T8192_weights.npy                    shape=(8192,4) dtype=<f2
[npy] results/syn_uniform_T8192_weights.npy                    shape=(8192,4) dtype=<f2
  warmup=3  repeats=9  rounds=1  (median total over repeats, avg over 2 GPUs)

  Per-round averages:
    scatter:      0.319 ms  (  1.5%)
    dispatch:     1.908 ms  (  8.8%)  [AllGather + AllToAll-V]
    FFN:         17.626 ms  ( 81.1%)
    combine:      1.872 ms  (  8.6%)  [AllToAll-V reverse]
    ─────────────────────────────────
    round:       21.726 ms

  Full prefill (1 rounds):
    total:       21.909 ms
    throughput: 45.6 rounds/s
    avg round:    21.909 ms  (from total / N)

  EP overhead (scatter+dispatch+combine): 4.100 ms (18.9% of round)
  FFN fraction: 81.1%

  L2 checksum (round 0 d_combine_recv across all ranks):
    n_elts = 67108864   sum_sq = 6.106571e+02   L2 = 24.711477


--- strategy=warp ---

== bench_prefill  strategy=warp  prefix=syn_uniform_T8192  n_gpus=2  overlap=0  chunks=1  ffn=cublas ==

[npy] results/syn_uniform_T8192_embeddings.npy                 shape=(8192,2048) dtype=<f2
[npy] results/syn_uniform_T8192_assignments.npy                shape=(8192,4) dtype=<i4
[npy] results/syn_uniform_T8192_weights.npy                    shape=(8192,4) dtype=<f2
[npy] results/syn_uniform_T8192_embeddings.npy                 shape=(8192,2048) dtype=<f2
[npy] results/syn_uniform_T8192_assignments.npy                shape=(8192,4) dtype=<i4
[npy] results/syn_uniform_T8192_weights.npy                    shape=(8192,4) dtype=<f2
  warmup=3  repeats=9  rounds=1  (median total over repeats, avg over 2 GPUs)

  Per-round averages:
    scatter:      0.290 ms  (  1.3%)
    dispatch:     2.051 ms  (  9.0%)  [AllGather + AllToAll-V]
    FFN:         18.470 ms  ( 81.0%)
    combine:      1.989 ms  (  8.7%)  [AllToAll-V reverse]
    ─────────────────────────────────
    round:       22.800 ms

  Full prefill (1 rounds):
    total:       22.889 ms
    throughput: 43.7 rounds/s
    avg round:    22.889 ms  (from total / N)

  EP overhead (scatter+dispatch+combine): 4.329 ms (19.0% of round)
  FFN fraction: 81.0%

  L2 checksum (round 0 d_combine_recv across all ranks):
    n_elts = 67108864   sum_sq = 6.106571e+02   L2 = 24.711477


--- strategy=vec ---

== bench_prefill  strategy=vec  prefix=syn_uniform_T8192  n_gpus=2  overlap=0  chunks=1  ffn=cublas ==

[npy] results/syn_uniform_T8192_embeddings.npy                 shape=(8192,2048) dtype=<f2
[npy] results/syn_uniform_T8192_embeddings.npy                 shape=(8192,2048) dtype=<f2
[npy] results/syn_uniform_T8192_assignments.npy                shape=(8192,4) dtype=<i4
[npy] results/syn_uniform_T8192_assignments.npy                shape=(8192,4) dtype=<i4
[npy] results/syn_uniform_T8192_weights.npy                    shape=(8192,4) dtype=<f2
[npy] results/syn_uniform_T8192_weights.npy                    shape=(8192,4) dtype=<f2
  warmup=3  repeats=9  rounds=1  (median total over repeats, avg over 2 GPUs)

  Per-round averages:
    scatter:      0.285 ms  (  1.3%)
    dispatch:     1.952 ms  (  9.0%)  [AllGather + AllToAll-V]
    FFN:         17.581 ms  ( 81.0%)
    combine:      1.890 ms  (  8.7%)  [AllToAll-V reverse]
    ─────────────────────────────────
    round:       21.708 ms

  Full prefill (1 rounds):
    total:       21.778 ms
    throughput: 45.9 rounds/s
    avg round:    21.778 ms  (from total / N)

  EP overhead (scatter+dispatch+combine): 4.127 ms (19.0% of round)
  FFN fraction: 81.0%

  L2 checksum (round 0 d_combine_recv across all ranks):
    n_elts = 67108864   sum_sq = 6.106571e+02   L2 = 24.711477


--- strategy=csort ---

== bench_prefill  strategy=csort  prefix=syn_uniform_T8192  n_gpus=2  overlap=0  chunks=1  ffn=cublas ==

[npy] results/syn_uniform_T8192_embeddings.npy                 shape=(8192,2048) dtype=<f2
[npy] results/syn_uniform_T8192_embeddings.npy                 shape=(8192,2048) dtype=<f2
[npy] results/syn_uniform_T8192_assignments.npy                shape=(8192,4) dtype=<i4
[npy] results/syn_uniform_T8192_weights.npy                    shape=(8192,4) dtype=<f2
[npy] results/syn_uniform_T8192_assignments.npy                shape=(8192,4) dtype=<i4
[npy] results/syn_uniform_T8192_weights.npy                    shape=(8192,4) dtype=<f2
  warmup=3  repeats=9  rounds=1  (median total over repeats, avg over 2 GPUs)

  Per-round averages:
    scatter:      0.188 ms  (  0.9%)
    dispatch:     1.940 ms  (  9.0%)  [AllGather + AllToAll-V]
    FFN:         17.519 ms  ( 81.4%)
    combine:      1.885 ms  (  8.8%)  [AllToAll-V reverse]
    ─────────────────────────────────
    round:       21.533 ms

  Full prefill (1 rounds):
    total:       21.645 ms
    throughput: 46.2 rounds/s
    avg round:    21.645 ms  (from total / N)

  EP overhead (scatter+dispatch+combine): 4.014 ms (18.6% of round)
  FFN fraction: 81.4%

  L2 checksum (round 0 d_combine_recv across all ranks):
    n_elts = 67108864   sum_sq = 6.106571e+02   L2 = 24.711477


====== dist=zipf  T=512 ======
--- strategy=atomic ---

== bench_prefill  strategy=atomic  prefix=syn_zipf_T512  n_gpus=2  overlap=0  chunks=1  ffn=cublas ==

[npy] results/syn_zipf_T512_embeddings.npy                     shape=(512,2048) dtype=<f2
[npy] results/syn_zipf_T512_embeddings.npy                     shape=(512,2048) dtype=<f2
[npy] results/syn_zipf_T512_assignments.npy                    shape=(512,4) dtype=<i4
[npy] results/syn_zipf_T512_assignments.npy                    shape=(512,4) dtype=<i4
[npy] results/syn_zipf_T512_weights.npy                        shape=(512,4) dtype=<f2
[npy] results/syn_zipf_T512_weights.npy                        shape=(512,4) dtype=<f2
  warmup=3  repeats=9  rounds=1  (median total over repeats, avg over 2 GPUs)

  Per-round averages:
    scatter:      1.083 ms  ( 12.8%)
    dispatch:     0.230 ms  (  2.7%)  [AllGather + AllToAll-V]
    FFN:          6.962 ms  ( 82.0%)
    combine:      0.210 ms  (  2.5%)  [AllToAll-V reverse]
    ─────────────────────────────────
    round:        8.485 ms

  Full prefill (1 rounds):
    total:        9.100 ms
    throughput: 109.9 rounds/s
    avg round:     9.100 ms  (from total / N)

  EP overhead (scatter+dispatch+combine): 1.523 ms (18.0% of round)
  FFN fraction: 82.0%

  L2 checksum (round 0 d_combine_recv across all ranks):
    n_elts = 4194304   sum_sq = 3.815384e+01   L2 = 6.176879


--- strategy=sort ---

== bench_prefill  strategy=sort  prefix=syn_zipf_T512  n_gpus=2  overlap=0  chunks=1  ffn=cublas ==

[npy] results/syn_zipf_T512_embeddings.npy                     shape=(512,2048) dtype=<f2
[npy] results/syn_zipf_T512_assignments.npy                    shape=(512,4) dtype=<i4
[npy] results/syn_zipf_T512_embeddings.npy                     shape=(512,2048) dtype=<f2
[npy] results/syn_zipf_T512_weights.npy                        shape=(512,4) dtype=<f2
[npy] results/syn_zipf_T512_assignments.npy                    shape=(512,4) dtype=<i4
[npy] results/syn_zipf_T512_weights.npy                        shape=(512,4) dtype=<f2
  warmup=3  repeats=9  rounds=1  (median total over repeats, avg over 2 GPUs)

  Per-round averages:
    scatter:      0.080 ms  (  1.1%)
    dispatch:     0.230 ms  (  3.1%)  [AllGather + AllToAll-V]
    FFN:          6.967 ms  ( 93.0%)
    combine:      0.210 ms  (  2.8%)  [AllToAll-V reverse]
    ─────────────────────────────────
    round:        7.488 ms

  Full prefill (1 rounds):
    total:        8.096 ms
    throughput: 123.5 rounds/s
    avg round:     8.096 ms  (from total / N)

  EP overhead (scatter+dispatch+combine): 0.521 ms (7.0% of round)
  FFN fraction: 93.0%

  L2 checksum (round 0 d_combine_recv across all ranks):
    n_elts = 4194304   sum_sq = 3.815384e+01   L2 = 6.176879


--- strategy=warp ---

== bench_prefill  strategy=warp  prefix=syn_zipf_T512  n_gpus=2  overlap=0  chunks=1  ffn=cublas ==

[npy] results/syn_zipf_T512_embeddings.npy                     shape=(512,2048) dtype=<f2
[npy] results/syn_zipf_T512_assignments.npy                    shape=(512,4) dtype=<i4
[npy] results/syn_zipf_T512_weights.npy                        shape=(512,4) dtype=<f2
[npy] results/syn_zipf_T512_embeddings.npy                     shape=(512,2048) dtype=<f2
[npy] results/syn_zipf_T512_assignments.npy                    shape=(512,4) dtype=<i4
[npy] results/syn_zipf_T512_weights.npy                        shape=(512,4) dtype=<f2
  warmup=3  repeats=9  rounds=1  (median total over repeats, avg over 2 GPUs)

  Per-round averages:
    scatter:      0.079 ms  (  1.1%)
    dispatch:     0.234 ms  (  3.1%)  [AllGather + AllToAll-V]
    FFN:          6.963 ms  ( 93.0%)
    combine:      0.210 ms  (  2.8%)  [AllToAll-V reverse]
    ─────────────────────────────────
    round:        7.486 ms

  Full prefill (1 rounds):
    total:        8.092 ms
    throughput: 123.6 rounds/s
    avg round:     8.092 ms  (from total / N)

  EP overhead (scatter+dispatch+combine): 0.524 ms (7.0% of round)
  FFN fraction: 93.0%

  L2 checksum (round 0 d_combine_recv across all ranks):
    n_elts = 4194304   sum_sq = 3.815384e+01   L2 = 6.176879


--- strategy=vec ---

== bench_prefill  strategy=vec  prefix=syn_zipf_T512  n_gpus=2  overlap=0  chunks=1  ffn=cublas ==

[npy] results/syn_zipf_T512_embeddings.npy                     shape=(512,2048) dtype=<f2
[npy] results/syn_zipf_T512_assignments.npy                    shape=(512,4) dtype=<i4
[npy] results/syn_zipf_T512_weights.npy                        shape=(512,4) dtype=<f2
[npy] results/syn_zipf_T512_embeddings.npy                     shape=(512,2048) dtype=<f2
[npy] results/syn_zipf_T512_assignments.npy                    shape=(512,4) dtype=<i4
[npy] results/syn_zipf_T512_weights.npy                        shape=(512,4) dtype=<f2
  warmup=3  repeats=9  rounds=1  (median total over repeats, avg over 2 GPUs)

  Per-round averages:
    scatter:      0.075 ms  (  1.0%)
    dispatch:     0.226 ms  (  3.0%)  [AllGather + AllToAll-V]
    FFN:          6.969 ms  ( 93.1%)
    combine:      0.217 ms  (  2.9%)  [AllToAll-V reverse]
    ─────────────────────────────────
    round:        7.486 ms

  Full prefill (1 rounds):
    total:        8.085 ms
    throughput: 123.7 rounds/s
    avg round:     8.085 ms  (from total / N)

  EP overhead (scatter+dispatch+combine): 0.518 ms (6.9% of round)
  FFN fraction: 93.1%

  L2 checksum (round 0 d_combine_recv across all ranks):
    n_elts = 4194304   sum_sq = 3.815384e+01   L2 = 6.176879


--- strategy=csort ---

== bench_prefill  strategy=csort  prefix=syn_zipf_T512  n_gpus=2  overlap=0  chunks=1  ffn=cublas ==

[npy] results/syn_zipf_T512_embeddings.npy                     shape=(512,2048) dtype=<f2
[npy] results/syn_zipf_T512_embeddings.npy                     shape=(512,2048) dtype=<f2
[npy] results/syn_zipf_T512_assignments.npy                    shape=(512,4) dtype=<i4
[npy] results/syn_zipf_T512_assignments.npy                    shape=(512,4) dtype=<i4
[npy] results/syn_zipf_T512_weights.npy                        shape=(512,4) dtype=<f2
[npy] results/syn_zipf_T512_weights.npy                        shape=(512,4) dtype=<f2
  warmup=3  repeats=9  rounds=1  (median total over repeats, avg over 2 GPUs)

  Per-round averages:
    scatter:      0.077 ms  (  1.0%)
    dispatch:     0.233 ms  (  3.1%)  [AllGather + AllToAll-V]
    FFN:          6.996 ms  ( 93.1%)
    combine:      0.209 ms  (  2.8%)  [AllToAll-V reverse]
    ─────────────────────────────────
    round:        7.515 ms

  Full prefill (1 rounds):
    total:        8.085 ms
    throughput: 123.7 rounds/s
    avg round:     8.085 ms  (from total / N)

  EP overhead (scatter+dispatch+combine): 0.519 ms (6.9% of round)
  FFN fraction: 93.1%

  L2 checksum (round 0 d_combine_recv across all ranks):
    n_elts = 4194304   sum_sq = 3.815384e+01   L2 = 6.176879


====== dist=zipf  T=2048 ======
--- strategy=atomic ---

== bench_prefill  strategy=atomic  prefix=syn_zipf_T2048  n_gpus=2  overlap=0  chunks=1  ffn=cublas ==

[npy] results/syn_zipf_T2048_embeddings.npy                    shape=(2048,2048) dtype=<f2
[npy] results/syn_zipf_T2048_assignments.npy                   shape=(2048,4) dtype=<i4
[npy] results/syn_zipf_T2048_weights.npy                       shape=(2048,4) dtype=<f2
[npy] results/syn_zipf_T2048_embeddings.npy                    shape=(2048,2048) dtype=<f2
[npy] results/syn_zipf_T2048_assignments.npy                   shape=(2048,4) dtype=<i4
[npy] results/syn_zipf_T2048_weights.npy                       shape=(2048,4) dtype=<f2
  warmup=3  repeats=9  rounds=1  (median total over repeats, avg over 2 GPUs)

  Per-round averages:
    scatter:      1.110 ms  (  9.8%)
    dispatch:     0.760 ms  (  6.7%)  [AllGather + AllToAll-V]
    FFN:          8.732 ms  ( 77.1%)
    combine:      0.720 ms  (  6.4%)  [AllToAll-V reverse]
    ─────────────────────────────────
    round:       11.322 ms

  Full prefill (1 rounds):
    total:       13.330 ms
    throughput: 75.0 rounds/s
    avg round:    13.330 ms  (from total / N)

  EP overhead (scatter+dispatch+combine): 2.590 ms (22.9% of round)
  FFN fraction: 77.1%

  L2 checksum (round 0 d_combine_recv across all ranks):
    n_elts = 16777216   sum_sq = 1.526194e+02   L2 = 12.353923


--- strategy=sort ---

== bench_prefill  strategy=sort  prefix=syn_zipf_T2048  n_gpus=2  overlap=0  chunks=1  ffn=cublas ==

[npy] results/syn_zipf_T2048_embeddings.npy                    shape=(2048,2048) dtype=<f2
[npy] results/syn_zipf_T2048_embeddings.npy                    shape=(2048,2048) dtype=<f2
[npy] results/syn_zipf_T2048_assignments.npy                   shape=(2048,4) dtype=<i4
[npy] results/syn_zipf_T2048_assignments.npy                   shape=(2048,4) dtype=<i4
[npy] results/syn_zipf_T2048_weights.npy                       shape=(2048,4) dtype=<f2
[npy] results/syn_zipf_T2048_weights.npy                       shape=(2048,4) dtype=<f2
  warmup=3  repeats=9  rounds=1  (median total over repeats, avg over 2 GPUs)

  Per-round averages:
    scatter:      0.123 ms  (  1.2%)
    dispatch:     0.769 ms  (  7.4%)  [AllGather + AllToAll-V]
    FFN:          8.727 ms  ( 84.4%)
    combine:      0.719 ms  (  7.0%)  [AllToAll-V reverse]
    ─────────────────────────────────
    round:       10.339 ms

  Full prefill (1 rounds):
    total:       12.328 ms
    throughput: 81.1 rounds/s
    avg round:    12.328 ms  (from total / N)

  EP overhead (scatter+dispatch+combine): 1.612 ms (15.6% of round)
  FFN fraction: 84.4%

  L2 checksum (round 0 d_combine_recv across all ranks):
    n_elts = 16777216   sum_sq = 1.526194e+02   L2 = 12.353923


--- strategy=warp ---

== bench_prefill  strategy=warp  prefix=syn_zipf_T2048  n_gpus=2  overlap=0  chunks=1  ffn=cublas ==

[npy] results/syn_zipf_T2048_embeddings.npy                    shape=(2048,2048) dtype=<f2
[npy] results/syn_zipf_T2048_assignments.npy                   shape=(2048,4) dtype=<i4
[npy] results/syn_zipf_T2048_weights.npy                       shape=(2048,4) dtype=<f2
[npy] results/syn_zipf_T2048_embeddings.npy                    shape=(2048,2048) dtype=<f2
[npy] results/syn_zipf_T2048_assignments.npy                   shape=(2048,4) dtype=<i4
[npy] results/syn_zipf_T2048_weights.npy                       shape=(2048,4) dtype=<f2
  warmup=3  repeats=9  rounds=1  (median total over repeats, avg over 2 GPUs)

  Per-round averages:
    scatter:      0.110 ms  (  1.1%)
    dispatch:     0.764 ms  (  7.4%)  [AllGather + AllToAll-V]
    FFN:          8.739 ms  ( 84.6%)
    combine:      0.714 ms  (  6.9%)  [AllToAll-V reverse]
    ─────────────────────────────────
    round:       10.328 ms

  Full prefill (1 rounds):
    total:       12.314 ms
    throughput: 81.2 rounds/s
    avg round:    12.314 ms  (from total / N)

  EP overhead (scatter+dispatch+combine): 1.588 ms (15.4% of round)
  FFN fraction: 84.6%

  L2 checksum (round 0 d_combine_recv across all ranks):
    n_elts = 16777216   sum_sq = 1.526194e+02   L2 = 12.353923


--- strategy=vec ---

== bench_prefill  strategy=vec  prefix=syn_zipf_T2048  n_gpus=2  overlap=0  chunks=1  ffn=cublas ==

[npy] results/syn_zipf_T2048_embeddings.npy                    shape=(2048,2048) dtype=<f2
[npy] results/syn_zipf_T2048_assignments.npy                   shape=(2048,4) dtype=<i4
[npy] results/syn_zipf_T2048_weights.npy                       shape=(2048,4) dtype=<f2
[npy] results/syn_zipf_T2048_embeddings.npy                    shape=(2048,2048) dtype=<f2
[npy] results/syn_zipf_T2048_assignments.npy                   shape=(2048,4) dtype=<i4
[npy] results/syn_zipf_T2048_weights.npy                       shape=(2048,4) dtype=<f2
  warmup=3  repeats=9  rounds=1  (median total over repeats, avg over 2 GPUs)

  Per-round averages:
    scatter:      0.108 ms  (  1.0%)
    dispatch:     0.759 ms  (  7.2%)  [AllGather + AllToAll-V]
    FFN:          8.910 ms  ( 84.8%)
    combine:      0.729 ms  (  6.9%)  [AllToAll-V reverse]
    ─────────────────────────────────
    round:       10.505 ms

  Full prefill (1 rounds):
    total:       12.674 ms
    throughput: 78.9 rounds/s
    avg round:    12.674 ms  (from total / N)

  EP overhead (scatter+dispatch+combine): 1.595 ms (15.2% of round)
  FFN fraction: 84.8%

  L2 checksum (round 0 d_combine_recv across all ranks):
    n_elts = 16777216   sum_sq = 1.526194e+02   L2 = 12.353923


--- strategy=csort ---

== bench_prefill  strategy=csort  prefix=syn_zipf_T2048  n_gpus=2  overlap=0  chunks=1  ffn=cublas ==

[npy] results/syn_zipf_T2048_embeddings.npy                    shape=(2048,2048) dtype=<f2
[npy] results/syn_zipf_T2048_assignments.npy                   shape=(2048,4) dtype=<i4
[npy] results/syn_zipf_T2048_weights.npy                       shape=(2048,4) dtype=<f2
[npy] results/syn_zipf_T2048_embeddings.npy                    shape=(2048,2048) dtype=<f2
[npy] results/syn_zipf_T2048_assignments.npy                   shape=(2048,4) dtype=<i4
[npy] results/syn_zipf_T2048_weights.npy                       shape=(2048,4) dtype=<f2
  warmup=3  repeats=9  rounds=1  (median total over repeats, avg over 2 GPUs)

  Per-round averages:
    scatter:      0.104 ms  (  1.0%)
    dispatch:     0.754 ms  (  7.3%)  [AllGather + AllToAll-V]
    FFN:          8.732 ms  ( 84.7%)
    combine:      0.718 ms  (  7.0%)  [AllToAll-V reverse]
    ─────────────────────────────────
    round:       10.309 ms

  Full prefill (1 rounds):
    total:       12.309 ms
    throughput: 81.2 rounds/s
    avg round:    12.309 ms  (from total / N)

  EP overhead (scatter+dispatch+combine): 1.576 ms (15.3% of round)
  FFN fraction: 84.7%

  L2 checksum (round 0 d_combine_recv across all ranks):
    n_elts = 16777216   sum_sq = 1.526194e+02   L2 = 12.353923


====== dist=zipf  T=8192 ======
--- strategy=atomic ---

== bench_prefill  strategy=atomic  prefix=syn_zipf_T8192  n_gpus=2  overlap=0  chunks=1  ffn=cublas ==

[npy] results/syn_zipf_T8192_embeddings.npy                    shape=(8192,2048) dtype=<f2
[npy] results/syn_zipf_T8192_embeddings.npy                    shape=(8192,2048) dtype=<f2
[npy] results/syn_zipf_T8192_assignments.npy                   shape=(8192,4) dtype=<i4
[npy] results/syn_zipf_T8192_assignments.npy                   shape=(8192,4) dtype=<i4
[npy] results/syn_zipf_T8192_weights.npy                       shape=(8192,4) dtype=<f2
[npy] results/syn_zipf_T8192_weights.npy                       shape=(8192,4) dtype=<f2
  warmup=3  repeats=9  rounds=1  (median total over repeats, avg over 2 GPUs)

  Per-round averages:
    scatter:      2.042 ms  (  8.3%)
    dispatch:     2.855 ms  ( 11.6%)  [AllGather + AllToAll-V]
    FFN:         16.620 ms  ( 67.7%)
    combine:      3.046 ms  ( 12.4%)  [AllToAll-V reverse]
    ─────────────────────────────────
    round:       24.563 ms

  Full prefill (1 rounds):
    total:       33.457 ms
    throughput: 29.9 rounds/s
    avg round:    33.457 ms  (from total / N)

  EP overhead (scatter+dispatch+combine): 7.943 ms (32.3% of round)
  FFN fraction: 67.7%

  L2 checksum (round 0 d_combine_recv across all ranks):
    n_elts = 67108864   sum_sq = 6.107166e+02   L2 = 24.712680


--- strategy=sort ---

== bench_prefill  strategy=sort  prefix=syn_zipf_T8192  n_gpus=2  overlap=0  chunks=1  ffn=cublas ==

[npy] results/syn_zipf_T8192_embeddings.npy                    shape=(8192,2048) dtype=<f2
[npy] results/syn_zipf_T8192_assignments.npy                   shape=(8192,4) dtype=<i4
[npy] results/syn_zipf_T8192_weights.npy                       shape=(8192,4) dtype=<f2
[npy] results/syn_zipf_T8192_embeddings.npy                    shape=(8192,2048) dtype=<f2
[npy] results/syn_zipf_T8192_assignments.npy                   shape=(8192,4) dtype=<i4
[npy] results/syn_zipf_T8192_weights.npy                       shape=(8192,4) dtype=<f2
  warmup=3  repeats=9  rounds=1  (median total over repeats, avg over 2 GPUs)

  Per-round averages:
    scatter:      0.321 ms  (  1.4%)
    dispatch:     2.857 ms  ( 12.5%)  [AllGather + AllToAll-V]
    FFN:         16.559 ms  ( 72.6%)
    combine:      3.066 ms  ( 13.4%)  [AllToAll-V reverse]
    ─────────────────────────────────
    round:       22.803 ms

  Full prefill (1 rounds):
    total:       31.626 ms
    throughput: 31.6 rounds/s
    avg round:    31.626 ms  (from total / N)

  EP overhead (scatter+dispatch+combine): 6.244 ms (27.4% of round)
  FFN fraction: 72.6%

  L2 checksum (round 0 d_combine_recv across all ranks):
    n_elts = 67108864   sum_sq = 6.107166e+02   L2 = 24.712680


--- strategy=warp ---

== bench_prefill  strategy=warp  prefix=syn_zipf_T8192  n_gpus=2  overlap=0  chunks=1  ffn=cublas ==

[npy] results/syn_zipf_T8192_embeddings.npy                    shape=(8192,2048) dtype=<f2
[npy] results/syn_zipf_T8192_assignments.npy                   shape=(8192,4) dtype=<i4
[npy] results/syn_zipf_T8192_weights.npy                       shape=(8192,4) dtype=<f2
[npy] results/syn_zipf_T8192_embeddings.npy                    shape=(8192,2048) dtype=<f2
[npy] results/syn_zipf_T8192_assignments.npy                   shape=(8192,4) dtype=<i4
[npy] results/syn_zipf_T8192_weights.npy                       shape=(8192,4) dtype=<f2
  warmup=3  repeats=9  rounds=1  (median total over repeats, avg over 2 GPUs)

  Per-round averages:
    scatter:      0.295 ms  (  1.3%)
    dispatch:     2.885 ms  ( 12.6%)  [AllGather + AllToAll-V]
    FFN:         16.624 ms  ( 72.7%)
    combine:      3.049 ms  ( 13.3%)  [AllToAll-V reverse]
    ─────────────────────────────────
    round:       22.853 ms

  Full prefill (1 rounds):
    total:       31.735 ms
    throughput: 31.5 rounds/s
    avg round:    31.735 ms  (from total / N)

  EP overhead (scatter+dispatch+combine): 6.229 ms (27.3% of round)
  FFN fraction: 72.7%

  L2 checksum (round 0 d_combine_recv across all ranks):
    n_elts = 67108864   sum_sq = 6.107166e+02   L2 = 24.712680


--- strategy=vec ---

== bench_prefill  strategy=vec  prefix=syn_zipf_T8192  n_gpus=2  overlap=0  chunks=1  ffn=cublas ==

[npy] results/syn_zipf_T8192_embeddings.npy                    shape=(8192,2048) dtype=<f2
[npy] results/syn_zipf_T8192_assignments.npy                   shape=(8192,4) dtype=<i4
[npy] results/syn_zipf_T8192_weights.npy                       shape=(8192,4) dtype=<f2
[npy] results/syn_zipf_T8192_embeddings.npy                    shape=(8192,2048) dtype=<f2
[npy] results/syn_zipf_T8192_assignments.npy                   shape=(8192,4) dtype=<i4
[npy] results/syn_zipf_T8192_weights.npy                       shape=(8192,4) dtype=<f2
  warmup=3  repeats=9  rounds=1  (median total over repeats, avg over 2 GPUs)

  Per-round averages:
    scatter:      0.290 ms  (  1.3%)
    dispatch:     2.854 ms  ( 12.5%)  [AllGather + AllToAll-V]
    FFN:         16.616 ms  ( 72.7%)
    combine:      3.098 ms  ( 13.6%)  [AllToAll-V reverse]
    ─────────────────────────────────
    round:       22.859 ms

  Full prefill (1 rounds):
    total:       31.714 ms
    throughput: 31.5 rounds/s
    avg round:    31.714 ms  (from total / N)

  EP overhead (scatter+dispatch+combine): 6.242 ms (27.3% of round)
  FFN fraction: 72.7%

  L2 checksum (round 0 d_combine_recv across all ranks):
    n_elts = 67108864   sum_sq = 6.107166e+02   L2 = 24.712680


--- strategy=csort ---

== bench_prefill  strategy=csort  prefix=syn_zipf_T8192  n_gpus=2  overlap=0  chunks=1  ffn=cublas ==

[npy] results/syn_zipf_T8192_embeddings.npy                    shape=(8192,2048) dtype=<f2
[npy] results/syn_zipf_T8192_assignments.npy                   shape=(8192,4) dtype=<i4
[npy] results/syn_zipf_T8192_weights.npy                       shape=(8192,4) dtype=<f2
[npy] results/syn_zipf_T8192_embeddings.npy                    shape=(8192,2048) dtype=<f2
[npy] results/syn_zipf_T8192_assignments.npy                   shape=(8192,4) dtype=<i4
[npy] results/syn_zipf_T8192_weights.npy                       shape=(8192,4) dtype=<f2
  warmup=3  repeats=9  rounds=1  (median total over repeats, avg over 2 GPUs)

  Per-round averages:
    scatter:      0.191 ms  (  0.8%)
    dispatch:     2.893 ms  ( 12.7%)  [AllGather + AllToAll-V]
    FFN:         16.607 ms  ( 73.1%)
    combine:      3.032 ms  ( 13.3%)  [AllToAll-V reverse]
    ─────────────────────────────────
    round:       22.723 ms

  Full prefill (1 rounds):
    total:       31.633 ms
    throughput: 31.6 rounds/s
    avg round:    31.633 ms  (from total / N)

  EP overhead (scatter+dispatch+combine): 6.116 ms (26.9% of round)
  FFN fraction: 73.1%

  L2 checksum (round 0 d_combine_recv across all ranks):
    n_elts = 67108864   sum_sq = 6.107166e+02   L2 = 24.712680


=== Done ===
