✓ Initialized. View run at 
https://modal.com/apps/feiyang2/main/ap-ma4E7ZAxOqPZwK2thQYmNp
Building image im-bKBXvMv1C0DiJRILG49CRs

=> Step 0: FROM base

=> Step 1: RUN python -m pip install numpy
Looking in indexes: http://pypi-mirror.modal.local:5555/simple
Collecting numpy
  Downloading http://pypi-mirror.modal.local:5555/simple/numpy/numpy-2.4.4-cp312-cp312-manylinux_2_27_x86_64.manylinux_2_28_x86_64.whl.metadata (6.6 kB)
Downloading http://pypi-mirror.modal.local:5555/simple/numpy/numpy-2.4.4-cp312-cp312-manylinux_2_27_x86_64.manylinux_2_28_x86_64.whl (16.6 MB)
   ━━━━━━━━━━━━━━━━━━━━━━━━━━━━━━━━━━━━━━━━ 16.6/16.6 MB 192.7 MB/s eta 0:00:00
Installing collected packages: numpy
Successfully installed numpy-2.4.4

[notice] A new release of pip is available: 23.3.2 -> 26.0.1
[notice] To update, run: pip install --upgrade pip
Saving image...
Image saved, took 532.43ms

Built image im-bKBXvMv1C0DiJRILG49CRs in 6.83s


Building image im-djONoEm9X69Hhq57A0vHnS

=> Step 0: FROM base

=> Step 1: RUN apt-get install -y --allow-change-held-packages libnccl2 libnccl-dev
Reading package lists...
Building dependency tree...
Reading state information...
The following held packages will be changed:
  libnccl-dev libnccl2
The following packages will be upgraded:
  libnccl-dev libnccl2
2 upgraded, 0 newly installed, 0 to remove and 86 not upgraded.
Need to get 406 MB of archives.
After this operation, 132 MB of additional disk space will be used.
Get:1 https://developer.download.nvidia.com/compute/cuda/repos/ubuntu2204/x86_64  libnccl-dev 2.30.4-1+cuda13.2 [207 MB]
Get:2 https://developer.download.nvidia.com/compute/cuda/repos/ubuntu2204/x86_64  libnccl2 2.30.4-1+cuda13.2 [199 MB]
debconf: delaying package configuration, since apt-utils is not installed
Fetched 406 MB in 6s (62.9 MB/s)
(Reading database ... 
[1A(Reading database ... 5%
[1A(Reading database ... 10%
[1A(Reading database ... 15%
[1A(Reading database ... 20%
[1A(Reading database ... 25%
[1A(Reading database ... 30%
[1A(Reading database ... 35%
[1A(Reading database ... 40%(Reading database ... 45%(Reading database ... 50%(Reading database ... 55%(Reading database ... 60%
[1A(Reading database ... 65%(Reading database ... 70%(Reading database ... 75%(Reading database ... 80%(Reading database ... 85%(Reading database ... 90%(Reading database ... 95%(Reading database ... 100%(Reading database ... 19134 files and directories currently installed.)
Preparing to unpack .../libnccl-dev_2.30.4-1+cuda13.2_amd64.deb ...
Unpacking libnccl-dev (2.30.4-1+cuda13.2) over (2.21.5-1+cuda12.4) ...
Preparing to unpack .../libnccl2_2.30.4-1+cuda13.2_amd64.deb ...
Unpacking libnccl2 (2.30.4-1+cuda13.2) over (2.21.5-1+cuda12.4) ...
Setting up libnccl2 (2.30.4-1+cuda13.2) ...
Setting up libnccl-dev (2.30.4-1+cuda13.2) ...
Processing triggers for libc-bin (2.35-0ubuntu3.6) ...
Saving image...
Image saved, took 1.62s

Built image im-djONoEm9X69Hhq57A0vHnS in 31.39s


Building image im-R7iK8sDRUrLserOdkDkUb6

=> Step 0: FROM base

=> Step 1: RUN ln -sf /usr/local/cuda/lib64 /usr/local/cuda/lib

=> Step 2: RUN mkdir -p /opt/nccl/lib /opt/nccl/include

=> Step 3: RUN ln -sf /usr/lib/x86_64-linux-gnu/libnccl.so.2 /opt/nccl/lib/libnccl.so.2

=> Step 4: RUN ln -sf /usr/include/nccl.h /opt/nccl/include/nccl.h
Saving image...
Image saved, took 2.32s

Built image im-R7iK8sDRUrLserOdkDkUb6 in 6.39s


Building image im-SsgFWmRxK5fDzdNaRc6zAU

=> Step 0: FROM base

=> Step 1: RUN git clone --depth 1 -b v3.5.1 https://github.com/NVIDIA/cutlass.git /opt/cutlass
Cloning into '/opt/cutlass'...
Note: switching to 'f7b19de32c5d1f3cedfc735c2849f12b537522ee'.

You are in 'detached HEAD' state. You can look around, make experimental
changes and commit them, and you can discard any commits you make in this
state without impacting any branches by switching back to a branch.

If you want to create a new branch to retain commits you create, you may
do so (now or later) by using -c with the switch command. Example:

  git switch -c <new-branch-name>

Or undo this operation with:

  git switch -

Turn off this advice by setting config variable advice.detachedHead to false

Updating files:  54% (3160/5819)
[1AUpdating files:  55% (3201/5819)
[1AUpdating files:  56% (3259/5819)
[1AUpdating files:  57% (3317/5819)
[1AUpdating files:  58% (3376/5819)
[1AUpdating files:  59% (3434/5819)
[1AUpdating files:  60% (3492/5819)
[1AUpdating files:  61% (3550/5819)
[1AUpdating files:  62% (3608/5819)
[1AUpdating files:  63% (3666/5819)
[1AUpdating files:  64% (3725/5819)
[1AUpdating files:  65% (3783/5819)
[1AUpdating files:  66% (3841/5819)
[1AUpdating files:  67% (3899/5819)
[1AUpdating files:  68% (3957/5819)
[1AUpdating files:  69% (4016/5819)
[1AUpdating files:  70% (4074/5819)
[1AUpdating files:  71% (4132/5819)
[1AUpdating files:  72% (4190/5819)
[1AUpdating files:  73% (4248/5819)
[1AUpdating files:  74% (4307/5819)
[1AUpdating files:  75% (4365/5819)
[1AUpdating files:  76% (4423/5819)
[1AUpdating files:  77% (4481/5819)
[1AUpdating files:  78% (4539/5819)
[1AUpdating files:  79% (4598/5819)
[1AUpdating files:  80% (4656/5819)
[1AUpdating files:  81% (4714/5819)
[1AUpdating files:  82% (4772/5819)
[1AUpdating files:  83% (4830/5819)
[1AUpdating files:  84% (4888/5819)
[1AUpdating files:  85% (4947/5819)
[1AUpdating files:  86% (5005/5819)
[1AUpdating files:  87% (5063/5819)
[1AUpdating files:  88% (5121/5819)
[1AUpdating files:  89% (5179/5819)
[1AUpdating files:  90% (5238/5819)
[1AUpdating files:  90% (5251/5819)
[1AUpdating files:  91% (5296/5819)
[1AUpdating files:  92% (5354/5819)
[1AUpdating files:  93% (5412/5819)
[1AUpdating files:  94% (5470/5819)
[1AUpdating files:  95% (5529/5819)
[1AUpdating files:  96% (5587/5819)
[1AUpdating files:  97% (5645/5819)
[1AUpdating files:  98% (5703/5819)
[1AUpdating files:  99% (5761/5819)
[1AUpdating files: 100% (5819/5819)
[1AUpdating files: 100% (5819/5819), done.
Saving image...
Image saved, took 3.52s

Built image im-SsgFWmRxK5fDzdNaRc6zAU in 13.06s


Building image im-efjGCKc2s3Mt8pyxE9fqUL

=> Step 0: FROM base

=> Step 1: RUN python -m pip install accelerate datasets numpy torch transformers
Looking in indexes: http://pypi-mirror.modal.local:5555/simple
Collecting accelerate
  Downloading http://pypi-mirror.modal.local:5555/simple/accelerate/accelerate-1.13.0-py3-none-any.whl.metadata (19 kB)
Collecting datasets
  Downloading http://pypi-mirror.modal.local:5555/simple/datasets/datasets-4.8.4-py3-none-any.whl.metadata (19 kB)
Requirement already satisfied: numpy in /usr/local/lib/python3.12/site-packages (2.4.4)
Collecting torch
  Downloading http://pypi-mirror.modal.local:5555/simple/torch/torch-2.11.0-cp312-cp312-manylinux_2_28_x86_64.whl.metadata (29 kB)
Collecting transformers
  Downloading http://pypi-mirror.modal.local:5555/simple/transformers/transformers-5.6.2-py3-none-any.whl.metadata (33 kB)
Collecting packaging>=20.0 (from accelerate)
  Downloading http://pypi-mirror.modal.local:5555/simple/packaging/packaging-26.2-py3-none-any.whl.metadata (3.5 kB)
Collecting psutil (from accelerate)
  Downloading http://pypi-mirror.modal.local:5555/simple/psutil/psutil-7.2.2-cp36-abi3-manylinux2010_x86_64.manylinux_2_12_x86_64.manylinux_2_28_x86_64.whl.metadata (22 kB)
Collecting pyyaml (from accelerate)
  Downloading http://pypi-mirror.modal.local:5555/simple/pyyaml/pyyaml-6.0.3-cp312-cp312-manylinux2014_x86_64.manylinux_2_17_x86_64.manylinux_2_28_x86_64.whl.metadata (2.4 kB)
Collecting huggingface_hub>=0.21.0 (from accelerate)
  Downloading http://pypi-mirror.modal.local:5555/simple/huggingface-hub/huggingface_hub-1.12.0-py3-none-any.whl.metadata (14 kB)
Collecting safetensors>=0.4.3 (from accelerate)
  Downloading http://pypi-mirror.modal.local:5555/simple/safetensors/safetensors-0.7.0-cp38-abi3-manylinux_2_17_x86_64.manylinux2014_x86_64.whl.metadata (4.1 kB)
Collecting filelock (from datasets)
  Downloading http://pypi-mirror.modal.local:5555/simple/filelock/filelock-3.29.0-py3-none-any.whl.metadata (2.0 kB)
Collecting pyarrow>=21.0.0 (from datasets)
  Downloading http://pypi-mirror.modal.local:5555/simple/pyarrow/pyarrow-24.0.0-cp312-cp312-manylinux_2_28_x86_64.whl.metadata (3.0 kB)
Collecting dill<0.4.2,>=0.3.0 (from datasets)
  Downloading http://pypi-mirror.modal.local:5555/simple/dill/dill-0.4.1-py3-none-any.whl.metadata (10 kB)
Collecting pandas (from datasets)
  Downloading http://pypi-mirror.modal.local:5555/simple/pandas/pandas-3.0.2-cp312-cp312-manylinux_2_24_x86_64.manylinux_2_28_x86_64.whl.metadata (79 kB)
     ━━━━━━━━━━━━━━━━━━━━━━━━━━━━━━━━━━━━━━━━ 79.5/79.5 kB 95.2 MB/s eta 0:00:00
Collecting requests>=2.32.2 (from datasets)
  Downloading http://pypi-mirror.modal.local:5555/simple/requests/requests-2.33.1-py3-none-any.whl.metadata (4.8 kB)
Collecting httpx<1.0.0 (from datasets)
  Downloading http://pypi-mirror.modal.local:5555/simple/httpx/httpx-0.28.1-py3-none-any.whl.metadata (7.1 kB)
Collecting tqdm>=4.66.3 (from datasets)
  Downloading http://pypi-mirror.modal.local:5555/simple/tqdm/tqdm-4.67.3-py3-none-any.whl.metadata (57 kB)
     ━━━━━━━━━━━━━━━━━━━━━━━━━━━━━━━━━━━━━━━ 57.7/57.7 kB 141.5 MB/s eta 0:00:00
Collecting xxhash (from datasets)
  Downloading http://pypi-mirror.modal.local:5555/simple/xxhash/xxhash-3.7.0-cp312-cp312-manylinux2014_x86_64.manylinux_2_17_x86_64.manylinux_2_28_x86_64.whl.metadata (13 kB)
Collecting multiprocess<0.70.20 (from datasets)
  Downloading http://pypi-mirror.modal.local:5555/simple/multiprocess/multiprocess-0.70.19-py312-none-any.whl.metadata (7.5 kB)
Collecting fsspec<=2026.2.0,>=2023.1.0 (from fsspec[http]<=2026.2.0,>=2023.1.0->datasets)
  Downloading http://pypi-mirror.modal.local:5555/simple/fsspec/fsspec-2026.2.0-py3-none-any.whl.metadata (10 kB)
Collecting typing-extensions>=4.10.0 (from torch)
  Downloading http://pypi-mirror.modal.local:5555/simple/typing-extensions/typing_extensions-4.15.0-py3-none-any.whl.metadata (3.3 kB)
Requirement already satisfied: setuptools<82 in /usr/local/lib/python3.12/site-packages (from torch) (69.0.3)
Collecting sympy>=1.13.3 (from torch)
  Downloading http://pypi-mirror.modal.local:5555/simple/sympy/sympy-1.14.0-py3-none-any.whl.metadata (12 kB)
Collecting networkx>=2.5.1 (from torch)
  Downloading http://pypi-mirror.modal.local:5555/simple/networkx/networkx-3.6.1-py3-none-any.whl.metadata (6.8 kB)
Collecting jinja2 (from torch)
  Downloading http://pypi-mirror.modal.local:5555/simple/jinja2/jinja2-3.1.6-py3-none-any.whl.metadata (2.9 kB)
Collecting cuda-toolkit==13.0.2 (from cuda-toolkit[cublas,cudart,cufft,cufile,cupti,curand,cusolver,cusparse,nvjitlink,nvrtc,nvtx]==13.0.2; platform_system == "Linux"->torch)
  Downloading http://pypi-mirror.modal.local:5555/simple/cuda-toolkit/cuda_toolkit-13.0.2-py2.py3-none-any.whl.metadata (9.4 kB)
Collecting cuda-bindings<14,>=13.0.3 (from torch)
  Downloading http://pypi-mirror.modal.local:5555/simple/cuda-bindings/cuda_bindings-13.2.0-cp312-cp312-manylinux_2_24_x86_64.manylinux_2_28_x86_64.whl.metadata (2.3 kB)
Collecting nvidia-cudnn-cu13==9.19.0.56 (from torch)
  Downloading http://pypi-mirror.modal.local:5555/simple/nvidia-cudnn-cu13/nvidia_cudnn_cu13-9.19.0.56-py3-none-manylinux_2_27_x86_64.whl.metadata (1.9 kB)
Collecting nvidia-cusparselt-cu13==0.8.0 (from torch)
  Downloading http://pypi-mirror.modal.local:5555/simple/nvidia-cusparselt-cu13/nvidia_cusparselt_cu13-0.8.0-py3-none-manylinux2014_x86_64.whl.metadata (12 kB)
Collecting nvidia-nccl-cu13==2.28.9 (from torch)
  Downloading http://pypi-mirror.modal.local:5555/simple/nvidia-nccl-cu13/nvidia_nccl_cu13-2.28.9-py3-none-manylinux_2_18_x86_64.whl.metadata (2.0 kB)
Collecting nvidia-nvshmem-cu13==3.4.5 (from torch)
  Downloading http://pypi-mirror.modal.local:5555/simple/nvidia-nvshmem-cu13/nvidia_nvshmem_cu13-3.4.5-py3-none-manylinux2014_x86_64.manylinux_2_17_x86_64.whl.metadata (2.1 kB)
Collecting triton==3.6.0 (from torch)
  Downloading http://pypi-mirror.modal.local:5555/simple/triton/triton-3.6.0-cp312-cp312-manylinux_2_27_x86_64.manylinux_2_28_x86_64.whl.metadata (1.7 kB)
Collecting nvidia-cublas==13.1.0.3.* (from cuda-toolkit[cublas,cudart,cufft,cufile,cupti,curand,cusolver,cusparse,nvjitlink,nvrtc,nvtx]==13.0.2; platform_system == "Linux"->torch)
  Downloading http://pypi-mirror.modal.local:5555/simple/nvidia-cublas/nvidia_cublas-13.1.0.3-py3-none-manylinux_2_27_x86_64.whl.metadata (1.7 kB)
Collecting nvidia-cuda-runtime==13.0.96.* (from cuda-toolkit[cublas,cudart,cufft,cufile,cupti,curand,cusolver,cusparse,nvjitlink,nvrtc,nvtx]==13.0.2; platform_system == "Linux"->torch)
  Downloading http://pypi-mirror.modal.local:5555/simple/nvidia-cuda-runtime/nvidia_cuda_runtime-13.0.96-py3-none-manylinux2014_x86_64.manylinux_2_17_x86_64.whl.metadata (1.7 kB)
Collecting nvidia-cufft==12.0.0.61.* (from cuda-toolkit[cublas,cudart,cufft,cufile,cupti,curand,cusolver,cusparse,nvjitlink,nvrtc,nvtx]==13.0.2; platform_system == "Linux"->torch)
  Downloading http://pypi-mirror.modal.local:5555/simple/nvidia-cufft/nvidia_cufft-12.0.0.61-py3-none-manylinux2014_x86_64.manylinux_2_17_x86_64.whl.metadata (1.8 kB)
Collecting nvidia-cufile==1.15.1.6.* (from cuda-toolkit[cublas,cudart,cufft,cufile,cupti,curand,cusolver,cusparse,nvjitlink,nvrtc,nvtx]==13.0.2; platform_system == "Linux"->torch)
  Downloading http://pypi-mirror.modal.local:5555/simple/nvidia-cufile/nvidia_cufile-1.15.1.6-py3-none-manylinux2014_x86_64.manylinux_2_17_x86_64.whl.metadata (1.7 kB)
Collecting nvidia-cuda-cupti==13.0.85.* (from cuda-toolkit[cublas,cudart,cufft,cufile,cupti,curand,cusolver,cusparse,nvjitlink,nvrtc,nvtx]==13.0.2; platform_system == "Linux"->torch)
  Downloading http://pypi-mirror.modal.local:5555/simple/nvidia-cuda-cupti/nvidia_cuda_cupti-13.0.85-py3-none-manylinux_2_25_x86_64.whl.metadata (1.7 kB)
Collecting nvidia-curand==10.4.0.35.* (from cuda-toolkit[cublas,cudart,cufft,cufile,cupti,curand,cusolver,cusparse,nvjitlink,nvrtc,nvtx]==13.0.2; platform_system == "Linux"->torch)
  Downloading http://pypi-mirror.modal.local:5555/simple/nvidia-curand/nvidia_curand-10.4.0.35-py3-none-manylinux_2_27_x86_64.whl.metadata (1.7 kB)
Collecting nvidia-cusolver==12.0.4.66.* (from cuda-toolkit[cublas,cudart,cufft,cufile,cupti,curand,cusolver,cusparse,nvjitlink,nvrtc,nvtx]==13.0.2; platform_system == "Linux"->torch)
  Downloading http://pypi-mirror.modal.local:5555/simple/nvidia-cusolver/nvidia_cusolver-12.0.4.66-py3-none-manylinux_2_27_x86_64.whl.metadata (1.8 kB)
Collecting nvidia-cusparse==12.6.3.3.* (from cuda-toolkit[cublas,cudart,cufft,cufile,cupti,curand,cusolver,cusparse,nvjitlink,nvrtc,nvtx]==13.0.2; platform_system == "Linux"->torch)
  Downloading http://pypi-mirror.modal.local:5555/simple/nvidia-cusparse/nvidia_cusparse-12.6.3.3-py3-none-manylinux2014_x86_64.manylinux_2_17_x86_64.whl.metadata (1.8 kB)
Collecting nvidia-nvjitlink==13.0.88.* (from cuda-toolkit[cublas,cudart,cufft,cufile,cupti,curand,cusolver,cusparse,nvjitlink,nvrtc,nvtx]==13.0.2; platform_system == "Linux"->torch)
  Downloading http://pypi-mirror.modal.local:5555/simple/nvidia-nvjitlink/nvidia_nvjitlink-13.0.88-py3-none-manylinux2010_x86_64.manylinux_2_12_x86_64.whl.metadata (1.7 kB)
Collecting nvidia-cuda-nvrtc==13.0.88.* (from cuda-toolkit[cublas,cudart,cufft,cufile,cupti,curand,cusolver,cusparse,nvjitlink,nvrtc,nvtx]==13.0.2; platform_system == "Linux"->torch)
  Downloading http://pypi-mirror.modal.local:5555/simple/nvidia-cuda-nvrtc/nvidia_cuda_nvrtc-13.0.88-py3-none-manylinux2010_x86_64.manylinux_2_12_x86_64.whl.metadata (1.7 kB)
Collecting nvidia-nvtx==13.0.85.* (from cuda-toolkit[cublas,cudart,cufft,cufile,cupti,curand,cusolver,cusparse,nvjitlink,nvrtc,nvtx]==13.0.2; platform_system == "Linux"->torch)
  Downloading http://pypi-mirror.modal.local:5555/simple/nvidia-nvtx/nvidia_nvtx-13.0.85-py3-none-manylinux1_x86_64.manylinux_2_5_x86_64.whl.metadata (1.8 kB)
Collecting regex>=2025.10.22 (from transformers)
  Downloading http://pypi-mirror.modal.local:5555/simple/regex/regex-2026.4.4-cp312-cp312-manylinux2014_x86_64.manylinux_2_17_x86_64.manylinux_2_28_x86_64.whl.metadata (40 kB)
     ━━━━━━━━━━━━━━━━━━━━━━━━━━━━━━━━━━━━━━━━ 40.4/40.4 kB 44.2 MB/s eta 0:00:00
Collecting tokenizers<=0.23.0,>=0.22.0 (from transformers)
  Downloading http://pypi-mirror.modal.local:5555/simple/tokenizers/tokenizers-0.22.2-cp39-abi3-manylinux_2_17_x86_64.manylinux2014_x86_64.whl.metadata (7.3 kB)
Collecting typer (from transformers)
  Downloading http://pypi-mirror.modal.local:5555/simple/typer/typer-0.24.2-py3-none-any.whl.metadata (15 kB)
Collecting cuda-pathfinder~=1.1 (from cuda-bindings<14,>=13.0.3->torch)
  Downloading http://pypi-mirror.modal.local:5555/simple/cuda-pathfinder/cuda_pathfinder-1.5.3-py3-none-any.whl.metadata (1.9 kB)
Collecting aiohttp!=4.0.0a0,!=4.0.0a1 (from fsspec[http]<=2026.2.0,>=2023.1.0->datasets)
  Downloading http://pypi-mirror.modal.local:5555/simple/aiohttp/aiohttp-3.13.5-cp312-cp312-manylinux2014_x86_64.manylinux_2_17_x86_64.manylinux_2_28_x86_64.whl.metadata (8.1 kB)
Collecting anyio (from httpx<1.0.0->datasets)
  Downloading http://pypi-mirror.modal.local:5555/simple/anyio/anyio-4.13.0-py3-none-any.whl.metadata (4.5 kB)
Collecting certifi (from httpx<1.0.0->datasets)
  Downloading http://pypi-mirror.modal.local:5555/simple/certifi/certifi-2026.4.22-py3-none-any.whl.metadata (2.5 kB)
Collecting httpcore==1.* (from httpx<1.0.0->datasets)
  Downloading http://pypi-mirror.modal.local:5555/simple/httpcore/httpcore-1.0.9-py3-none-any.whl.metadata (21 kB)
Collecting idna (from httpx<1.0.0->datasets)
  Downloading http://pypi-mirror.modal.local:5555/simple/idna/idna-3.13-py3-none-any.whl.metadata (8.0 kB)
Collecting h11>=0.16 (from httpcore==1.*->httpx<1.0.0->datasets)
  Downloading http://pypi-mirror.modal.local:5555/simple/h11/h11-0.16.0-py3-none-any.whl.metadata (8.3 kB)
Collecting hf-xet<2.0.0,>=1.4.3 (from huggingface_hub>=0.21.0->accelerate)
  Downloading http://pypi-mirror.modal.local:5555/simple/hf-xet/hf_xet-1.4.3-cp37-abi3-manylinux2014_x86_64.manylinux_2_17_x86_64.whl.metadata (4.9 kB)
Collecting charset_normalizer<4,>=2 (from requests>=2.32.2->datasets)
  Downloading http://pypi-mirror.modal.local:5555/simple/charset-normalizer/charset_normalizer-3.4.7-cp312-cp312-manylinux2014_x86_64.manylinux_2_17_x86_64.manylinux_2_28_x86_64.whl.metadata (40 kB)
     ━━━━━━━━━━━━━━━━━━━━━━━━━━━━━━━━━━━━━━━━ 40.9/40.9 kB 97.6 MB/s eta 0:00:00
Collecting urllib3<3,>=1.26 (from requests>=2.32.2->datasets)
  Downloading http://pypi-mirror.modal.local:5555/simple/urllib3/urllib3-2.6.3-py3-none-any.whl.metadata (6.9 kB)
Collecting mpmath<1.4,>=1.1.0 (from sympy>=1.13.3->torch)
  Downloading http://pypi-mirror.modal.local:5555/simple/mpmath/mpmath-1.3.0-py3-none-any.whl.metadata (8.6 kB)
Collecting MarkupSafe>=2.0 (from jinja2->torch)
  Downloading http://pypi-mirror.modal.local:5555/simple/markupsafe/markupsafe-3.0.3-cp312-cp312-manylinux2014_x86_64.manylinux_2_17_x86_64.manylinux_2_28_x86_64.whl.metadata (2.7 kB)
Collecting python-dateutil>=2.8.2 (from pandas->datasets)
  Downloading http://pypi-mirror.modal.local:5555/simple/python-dateutil/python_dateutil-2.9.0.post0-py2.py3-none-any.whl.metadata (8.4 kB)
Collecting click>=8.2.1 (from typer->transformers)
  Downloading http://pypi-mirror.modal.local:5555/simple/click/click-8.3.3-py3-none-any.whl.metadata (2.6 kB)
Collecting shellingham>=1.3.0 (from typer->transformers)
  Downloading http://pypi-mirror.modal.local:5555/simple/shellingham/shellingham-1.5.4-py2.py3-none-any.whl.metadata (3.5 kB)
Collecting rich>=12.3.0 (from typer->transformers)
  Downloading http://pypi-mirror.modal.local:5555/simple/rich/rich-15.0.0-py3-none-any.whl.metadata (18 kB)
Collecting annotated-doc>=0.0.2 (from typer->transformers)
  Downloading http://pypi-mirror.modal.local:5555/simple/annotated-doc/annotated_doc-0.0.4-py3-none-any.whl.metadata (6.6 kB)
Collecting aiohappyeyeballs>=2.5.0 (from aiohttp!=4.0.0a0,!=4.0.0a1->fsspec[http]<=2026.2.0,>=2023.1.0->datasets)
  Downloading http://pypi-mirror.modal.local:5555/simple/aiohappyeyeballs/aiohappyeyeballs-2.6.1-py3-none-any.whl.metadata (5.9 kB)
Collecting aiosignal>=1.4.0 (from aiohttp!=4.0.0a0,!=4.0.0a1->fsspec[http]<=2026.2.0,>=2023.1.0->datasets)
  Downloading http://pypi-mirror.modal.local:5555/simple/aiosignal/aiosignal-1.4.0-py3-none-any.whl.metadata (3.7 kB)
Collecting attrs>=17.3.0 (from aiohttp!=4.0.0a0,!=4.0.0a1->fsspec[http]<=2026.2.0,>=2023.1.0->datasets)
  Downloading http://pypi-mirror.modal.local:5555/simple/attrs/attrs-26.1.0-py3-none-any.whl.metadata (8.8 kB)
Collecting frozenlist>=1.1.1 (from aiohttp!=4.0.0a0,!=4.0.0a1->fsspec[http]<=2026.2.0,>=2023.1.0->datasets)
  Downloading http://pypi-mirror.modal.local:5555/simple/frozenlist/frozenlist-1.8.0-cp312-cp312-manylinux1_x86_64.manylinux_2_28_x86_64.manylinux_2_5_x86_64.whl.metadata (20 kB)
Collecting multidict<7.0,>=4.5 (from aiohttp!=4.0.0a0,!=4.0.0a1->fsspec[http]<=2026.2.0,>=2023.1.0->datasets)
  Downloading http://pypi-mirror.modal.local:5555/simple/multidict/multidict-6.7.1-cp312-cp312-manylinux2014_x86_64.manylinux_2_17_x86_64.manylinux_2_28_x86_64.whl.metadata (5.3 kB)
Collecting propcache>=0.2.0 (from aiohttp!=4.0.0a0,!=4.0.0a1->fsspec[http]<=2026.2.0,>=2023.1.0->datasets)
  Downloading http://pypi-mirror.modal.local:5555/simple/propcache/propcache-0.4.1-cp312-cp312-manylinux2014_x86_64.manylinux_2_17_x86_64.manylinux_2_28_x86_64.whl.metadata (13 kB)
Collecting yarl<2.0,>=1.17.0 (from aiohttp!=4.0.0a0,!=4.0.0a1->fsspec[http]<=2026.2.0,>=2023.1.0->datasets)
  Downloading http://pypi-mirror.modal.local:5555/simple/yarl/yarl-1.23.0-cp312-cp312-manylinux2014_x86_64.manylinux_2_17_x86_64.manylinux_2_28_x86_64.whl.metadata (79 kB)
     ━━━━━━━━━━━━━━━━━━━━━━━━━━━━━━━━━━━━━━━━ 79.6/79.6 kB 11.2 MB/s eta 0:00:00
Collecting six>=1.5 (from python-dateutil>=2.8.2->pandas->datasets)
  Downloading http://pypi-mirror.modal.local:5555/simple/six/six-1.17.0-py2.py3-none-any.whl.metadata (1.7 kB)
Collecting markdown-it-py>=2.2.0 (from rich>=12.3.0->typer->transformers)
  Downloading http://pypi-mirror.modal.local:5555/simple/markdown-it-py/markdown_it_py-4.0.0-py3-none-any.whl.metadata (7.3 kB)
Collecting pygments<3.0.0,>=2.13.0 (from rich>=12.3.0->typer->transformers)
  Downloading http://pypi-mirror.modal.local:5555/simple/pygments/pygments-2.20.0-py3-none-any.whl.metadata (2.5 kB)
Collecting mdurl~=0.1 (from markdown-it-py>=2.2.0->rich>=12.3.0->typer->transformers)
  Downloading http://pypi-mirror.modal.local:5555/simple/mdurl/mdurl-0.1.2-py3-none-any.whl.metadata (1.6 kB)
Downloading http://pypi-mirror.modal.local:5555/simple/accelerate/accelerate-1.13.0-py3-none-any.whl (383 kB)
   ━━━━━━━━━━━━━━━━━━━━━━━━━━━━━━━━━━━━━━━━ 383.7/383.7 kB 53.9 MB/s eta 0:00:00
Downloading http://pypi-mirror.modal.local:5555/simple/datasets/datasets-4.8.4-py3-none-any.whl (526 kB)
   ━━━━━━━━━━━━━━━━━━━━━━━━━━━━━━━━━━━━━━━ 527.0/527.0 kB 232.3 MB/s eta 0:00:00
Downloading http://pypi-mirror.modal.local:5555/simple/torch/torch-2.11.0-cp312-cp312-manylinux_2_28_x86_64.whl (530.7 MB)
   ━━━━━━━━━━━━━━━━━━━━━━━━━━━━━━━━━━━━━━━ 530.7/530.7 MB 152.9 MB/s eta 0:00:00
Downloading http://pypi-mirror.modal.local:5555/simple/cuda-toolkit/cuda_toolkit-13.0.2-py2.py3-none-any.whl (2.4 kB)
Downloading http://pypi-mirror.modal.local:5555/simple/nvidia-cudnn-cu13/nvidia_cudnn_cu13-9.19.0.56-py3-none-manylinux_2_27_x86_64.whl (366.1 MB)
   ━━━━━━━━━━━━━━━━━━━━━━━━━━━━━━━━━━━━━━━ 366.1/366.1 MB 167.0 MB/s eta 0:00:00
Downloading http://pypi-mirror.modal.local:5555/simple/nvidia-cusparselt-cu13/nvidia_cusparselt_cu13-0.8.0-py3-none-manylinux2014_x86_64.whl (169.9 MB)
   ━━━━━━━━━━━━━━━━━━━━━━━━━━━━━━━━━━━━━━━ 169.9/169.9 MB 114.3 MB/s eta 0:00:00
Downloading http://pypi-mirror.modal.local:5555/simple/nvidia-nccl-cu13/nvidia_nccl_cu13-2.28.9-py3-none-manylinux_2_18_x86_64.whl (196.5 MB)
   ━━━━━━━━━━━━━━━━━━━━━━━━━━━━━━━━━━━━━━━ 196.5/196.5 MB 147.3 MB/s eta 0:00:00
Downloading http://pypi-mirror.modal.local:5555/simple/nvidia-nvshmem-cu13/nvidia_nvshmem_cu13-3.4.5-py3-none-manylinux2014_x86_64.manylinux_2_17_x86_64.whl (60.4 MB)
   ━━━━━━━━━━━━━━━━━━━━━━━━━━━━━━━━━━━━━━━━ 60.4/60.4 MB 111.6 MB/s eta 0:00:00
Downloading http://pypi-mirror.modal.local:5555/simple/triton/triton-3.6.0-cp312-cp312-manylinux_2_27_x86_64.manylinux_2_28_x86_64.whl (188.3 MB)
   ━━━━━━━━━━━━━━━━━━━━━━━━━━━━━━━━━━━━━━━ 188.3/188.3 MB 192.2 MB/s eta 0:00:00
Downloading http://pypi-mirror.modal.local:5555/simple/nvidia-cublas/nvidia_cublas-13.1.0.3-py3-none-manylinux_2_27_x86_64.whl (423.1 MB)
   ━━━━━━━━━━━━━━━━━━━━━━━━━━━━━━━━━━━━━━━ 423.1/423.1 MB 179.8 MB/s eta 0:00:00
Downloading http://pypi-mirror.modal.local:5555/simple/nvidia-cuda-cupti/nvidia_cuda_cupti-13.0.85-py3-none-manylinux_2_25_x86_64.whl (10.7 MB)
   ━━━━━━━━━━━━━━━━━━━━━━━━━━━━━━━━━━━━━━━━ 10.7/10.7 MB 172.0 MB/s eta 0:00:00
Downloading http://pypi-mirror.modal.local:5555/simple/nvidia-cuda-nvrtc/nvidia_cuda_nvrtc-13.0.88-py3-none-manylinux2010_x86_64.manylinux_2_12_x86_64.whl (90.2 MB)
   ━━━━━━━━━━━━━━━━━━━━━━━━━━━━━━━━━━━━━━━━ 90.2/90.2 MB 196.5 MB/s eta 0:00:00
Downloading http://pypi-mirror.modal.local:5555/simple/nvidia-cuda-runtime/nvidia_cuda_runtime-13.0.96-py3-none-manylinux2014_x86_64.manylinux_2_17_x86_64.whl (2.2 MB)
   ━━━━━━━━━━━━━━━━━━━━━━━━━━━━━━━━━━━━━━━━ 2.2/2.2 MB 118.2 MB/s eta 0:00:00
Downloading http://pypi-mirror.modal.local:5555/simple/nvidia-cufft/nvidia_cufft-12.0.0.61-py3-none-manylinux2014_x86_64.manylinux_2_17_x86_64.whl (214.1 MB)
   ━━━━━━━━━━━━━━━━━━━━━━━━━━━━━━━━━━━━━━━ 214.1/214.1 MB 179.1 MB/s eta 0:00:00
Downloading http://pypi-mirror.modal.local:5555/simple/nvidia-cufile/nvidia_cufile-1.15.1.6-py3-none-manylinux2014_x86_64.manylinux_2_17_x86_64.whl (1.2 MB)
   ━━━━━━━━━━━━━━━━━━━━━━━━━━━━━━━━━━━━━━━━ 1.2/1.2 MB 164.8 MB/s eta 0:00:00
Downloading http://pypi-mirror.modal.local:5555/simple/nvidia-curand/nvidia_curand-10.4.0.35-py3-none-manylinux_2_27_x86_64.whl (59.5 MB)
   ━━━━━━━━━━━━━━━━━━━━━━━━━━━━━━━━━━━━━━━━ 59.5/59.5 MB 166.0 MB/s eta 0:00:00
Downloading http://pypi-mirror.modal.local:5555/simple/nvidia-cusolver/nvidia_cusolver-12.0.4.66-py3-none-manylinux_2_27_x86_64.whl (200.9 MB)
   ━━━━━━━━━━━━━━━━━━━━━━━━━━━━━━━━━━━━━━━ 200.9/200.9 MB 179.1 MB/s eta 0:00:00
Downloading http://pypi-mirror.modal.local:5555/simple/nvidia-cusparse/nvidia_cusparse-12.6.3.3-py3-none-manylinux2014_x86_64.manylinux_2_17_x86_64.whl (145.9 MB)
   ━━━━━━━━━━━━━━━━━━━━━━━━━━━━━━━━━━━━━━━ 145.9/145.9 MB 145.8 MB/s eta 0:00:00
Downloading http://pypi-mirror.modal.local:5555/simple/nvidia-nvjitlink/nvidia_nvjitlink-13.0.88-py3-none-manylinux2010_x86_64.manylinux_2_12_x86_64.whl (40.7 MB)
   ━━━━━━━━━━━━━━━━━━━━━━━━━━━━━━━━━━━━━━━━ 40.7/40.7 MB 139.3 MB/s eta 0:00:00
Downloading http://pypi-mirror.modal.local:5555/simple/nvidia-nvtx/nvidia_nvtx-13.0.85-py3-none-manylinux1_x86_64.manylinux_2_5_x86_64.whl (148 kB)
   ━━━━━━━━━━━━━━━━━━━━━━━━━━━━━━━━━━━━━━━ 148.0/148.0 kB 167.5 MB/s eta 0:00:00
Downloading http://pypi-mirror.modal.local:5555/simple/transformers/transformers-5.6.2-py3-none-any.whl (10.4 MB)
   ━━━━━━━━━━━━━━━━━━━━━━━━━━━━━━━━━━━━━━━━ 10.4/10.4 MB 139.0 MB/s eta 0:00:00
Downloading http://pypi-mirror.modal.local:5555/simple/cuda-bindings/cuda_bindings-13.2.0-cp312-cp312-manylinux_2_24_x86_64.manylinux_2_28_x86_64.whl (6.3 MB)
   ━━━━━━━━━━━━━━━━━━━━━━━━━━━━━━━━━━━━━━━━ 6.3/6.3 MB 112.6 MB/s eta 0:00:00
Downloading http://pypi-mirror.modal.local:5555/simple/dill/dill-0.4.1-py3-none-any.whl (120 kB)
   ━━━━━━━━━━━━━━━━━━━━━━━━━━━━━━━━━━━━━━━ 120.0/120.0 kB 182.0 MB/s eta 0:00:00
Downloading http://pypi-mirror.modal.local:5555/simple/fsspec/fsspec-2026.2.0-py3-none-any.whl (202 kB)
   ━━━━━━━━━━━━━━━━━━━━━━━━━━━━━━━━━━━━━━━ 202.5/202.5 kB 201.0 MB/s eta 0:00:00
Downloading http://pypi-mirror.modal.local:5555/simple/httpx/httpx-0.28.1-py3-none-any.whl (73 kB)
   ━━━━━━━━━━━━━━━━━━━━━━━━━━━━━━━━━━━━━━━━ 73.5/73.5 kB 204.4 MB/s eta 0:00:00
Downloading http://pypi-mirror.modal.local:5555/simple/httpcore/httpcore-1.0.9-py3-none-any.whl (78 kB)
   ━━━━━━━━━━━━━━━━━━━━━━━━━━━━━━━━━━━━━━━━ 78.8/78.8 kB 162.8 MB/s eta 0:00:00
Downloading http://pypi-mirror.modal.local:5555/simple/huggingface-hub/huggingface_hub-1.12.0-py3-none-any.whl (646 kB)
   ━━━━━━━━━━━━━━━━━━━━━━━━━━━━━━━━━━━━━━━ 646.8/646.8 kB 181.9 MB/s eta 0:00:00
Downloading http://pypi-mirror.modal.local:5555/simple/filelock/filelock-3.29.0-py3-none-any.whl (39 kB)
Downloading http://pypi-mirror.modal.local:5555/simple/multiprocess/multiprocess-0.70.19-py312-none-any.whl (150 kB)
   ━━━━━━━━━━━━━━━━━━━━━━━━━━━━━━━━━━━━━━━ 150.3/150.3 kB 183.5 MB/s eta 0:00:00
Downloading http://pypi-mirror.modal.local:5555/simple/networkx/networkx-3.6.1-py3-none-any.whl (2.1 MB)
   ━━━━━━━━━━━━━━━━━━━━━━━━━━━━━━━━━━━━━━━━ 2.1/2.1 MB 185.9 MB/s eta 0:00:00
Downloading http://pypi-mirror.modal.local:5555/simple/packaging/packaging-26.2-py3-none-any.whl (100 kB)
   ━━━━━━━━━━━━━━━━━━━━━━━━━━━━━━━━━━━━━━━ 100.2/100.2 kB 186.6 MB/s eta 0:00:00
Downloading http://pypi-mirror.modal.local:5555/simple/pyarrow/pyarrow-24.0.0-cp312-cp312-manylinux_2_28_x86_64.whl (48.9 MB)
   ━━━━━━━━━━━━━━━━━━━━━━━━━━━━━━━━━━━━━━━━ 48.9/48.9 MB 148.3 MB/s eta 0:00:00
Downloading http://pypi-mirror.modal.local:5555/simple/pyyaml/pyyaml-6.0.3-cp312-cp312-manylinux2014_x86_64.manylinux_2_17_x86_64.manylinux_2_28_x86_64.whl (807 kB)
   ━━━━━━━━━━━━━━━━━━━━━━━━━━━━━━━━━━━━━━━ 807.9/807.9 kB 197.3 MB/s eta 0:00:00
Downloading http://pypi-mirror.modal.local:5555/simple/regex/regex-2026.4.4-cp312-cp312-manylinux2014_x86_64.manylinux_2_17_x86_64.manylinux_2_28_x86_64.whl (801 kB)
   ━━━━━━━━━━━━━━━━━━━━━━━━━━━━━━━━━━━━━━━ 801.1/801.1 kB 204.3 MB/s eta 0:00:00
Downloading http://pypi-mirror.modal.local:5555/simple/requests/requests-2.33.1-py3-none-any.whl (64 kB)
   ━━━━━━━━━━━━━━━━━━━━━━━━━━━━━━━━━━━━━━━━ 64.9/64.9 kB 156.3 MB/s eta 0:00:00
Downloading http://pypi-mirror.modal.local:5555/simple/safetensors/safetensors-0.7.0-cp38-abi3-manylinux_2_17_x86_64.manylinux2014_x86_64.whl (507 kB)
   ━━━━━━━━━━━━━━━━━━━━━━━━━━━━━━━━━━━━━━━ 507.2/507.2 kB 303.3 MB/s eta 0:00:00
Downloading http://pypi-mirror.modal.local:5555/simple/sympy/sympy-1.14.0-py3-none-any.whl (6.3 MB)
   ━━━━━━━━━━━━━━━━━━━━━━━━━━━━━━━━━━━━━━━━ 6.3/6.3 MB 165.4 MB/s eta 0:00:00
Downloading http://pypi-mirror.modal.local:5555/simple/tokenizers/tokenizers-0.22.2-cp39-abi3-manylinux_2_17_x86_64.manylinux2014_x86_64.whl (3.3 MB)
   ━━━━━━━━━━━━━━━━━━━━━━━━━━━━━━━━━━━━━━━━ 3.3/3.3 MB 154.3 MB/s eta 0:00:00
Downloading http://pypi-mirror.modal.local:5555/simple/tqdm/tqdm-4.67.3-py3-none-any.whl (78 kB)
   ━━━━━━━━━━━━━━━━━━━━━━━━━━━━━━━━━━━━━━━━ 78.4/78.4 kB 213.9 MB/s eta 0:00:00
Downloading http://pypi-mirror.modal.local:5555/simple/typing-extensions/typing_extensions-4.15.0-py3-none-any.whl (44 kB)
   ━━━━━━━━━━━━━━━━━━━━━━━━━━━━━━━━━━━━━━━━ 44.6/44.6 kB 164.8 MB/s eta 0:00:00
Downloading http://pypi-mirror.modal.local:5555/simple/jinja2/jinja2-3.1.6-py3-none-any.whl (134 kB)
   ━━━━━━━━━━━━━━━━━━━━━━━━━━━━━━━━━━━━━━━ 134.9/134.9 kB 210.5 MB/s eta 0:00:00
Downloading http://pypi-mirror.modal.local:5555/simple/pandas/pandas-3.0.2-cp312-cp312-manylinux_2_24_x86_64.manylinux_2_28_x86_64.whl (10.9 MB)
   ━━━━━━━━━━━━━━━━━━━━━━━━━━━━━━━━━━━━━━━━ 10.9/10.9 MB 142.7 MB/s eta 0:00:00
Downloading http://pypi-mirror.modal.local:5555/simple/psutil/psutil-7.2.2-cp36-abi3-manylinux2010_x86_64.manylinux_2_12_x86_64.manylinux_2_28_x86_64.whl (155 kB)
   ━━━━━━━━━━━━━━━━━━━━━━━━━━━━━━━━━━━━━━━ 155.6/155.6 kB 201.7 MB/s eta 0:00:00
Downloading http://pypi-mirror.modal.local:5555/simple/typer/typer-0.24.2-py3-none-any.whl (55 kB)
   ━━━━━━━━━━━━━━━━━━━━━━━━━━━━━━━━━━━━━━━━ 56.0/56.0 kB 141.3 MB/s eta 0:00:00
Downloading http://pypi-mirror.modal.local:5555/simple/xxhash/xxhash-3.7.0-cp312-cp312-manylinux2014_x86_64.manylinux_2_17_x86_64.manylinux_2_28_x86_64.whl (193 kB)
   ━━━━━━━━━━━━━━━━━━━━━━━━━━━━━━━━━━━━━━━ 193.9/193.9 kB 230.0 MB/s eta 0:00:00
Downloading http://pypi-mirror.modal.local:5555/simple/aiohttp/aiohttp-3.13.5-cp312-cp312-manylinux2014_x86_64.manylinux_2_17_x86_64.manylinux_2_28_x86_64.whl (1.8 MB)
   ━━━━━━━━━━━━━━━━━━━━━━━━━━━━━━━━━━━━━━━━ 1.8/1.8 MB 116.4 MB/s eta 0:00:00
Downloading http://pypi-mirror.modal.local:5555/simple/annotated-doc/annotated_doc-0.0.4-py3-none-any.whl (5.3 kB)
Downloading http://pypi-mirror.modal.local:5555/simple/certifi/certifi-2026.4.22-py3-none-any.whl (135 kB)
   ━━━━━━━━━━━━━━━━━━━━━━━━━━━━━━━━━━━━━━━ 135.7/135.7 kB 160.8 MB/s eta 0:00:00
Downloading http://pypi-mirror.modal.local:5555/simple/charset-normalizer/charset_normalizer-3.4.7-cp312-cp312-manylinux2014_x86_64.manylinux_2_17_x86_64.manylinux_2_28_x86_64.whl (216 kB)
   ━━━━━━━━━━━━━━━━━━━━━━━━━━━━━━━━━━━━━━━ 216.6/216.6 kB 199.0 MB/s eta 0:00:00
Downloading http://pypi-mirror.modal.local:5555/simple/click/click-8.3.3-py3-none-any.whl (110 kB)
   ━━━━━━━━━━━━━━━━━━━━━━━━━━━━━━━━━━━━━━━ 110.5/110.5 kB 162.5 MB/s eta 0:00:00
Downloading http://pypi-mirror.modal.local:5555/simple/cuda-pathfinder/cuda_pathfinder-1.5.3-py3-none-any.whl (49 kB)
   ━━━━━━━━━━━━━━━━━━━━━━━━━━━━━━━━━━━━━━━━ 50.0/50.0 kB 95.5 MB/s eta 0:00:00
Downloading http://pypi-mirror.modal.local:5555/simple/hf-xet/hf_xet-1.4.3-cp37-abi3-manylinux2014_x86_64.manylinux_2_17_x86_64.whl (4.2 MB)
   ━━━━━━━━━━━━━━━━━━━━━━━━━━━━━━━━━━━━━━━━ 4.2/4.2 MB 107.8 MB/s eta 0:00:00
Downloading http://pypi-mirror.modal.local:5555/simple/idna/idna-3.13-py3-none-any.whl (68 kB)
   ━━━━━━━━━━━━━━━━━━━━━━━━━━━━━━━━━━━━━━━━ 68.6/68.6 kB 207.4 MB/s eta 0:00:00
Downloading http://pypi-mirror.modal.local:5555/simple/markupsafe/markupsafe-3.0.3-cp312-cp312-manylinux2014_x86_64.manylinux_2_17_x86_64.manylinux_2_28_x86_64.whl (22 kB)
Downloading http://pypi-mirror.modal.local:5555/simple/mpmath/mpmath-1.3.0-py3-none-any.whl (536 kB)
   ━━━━━━━━━━━━━━━━━━━━━━━━━━━━━━━━━━━━━━━ 536.2/536.2 kB 194.5 MB/s eta 0:00:00
Downloading http://pypi-mirror.modal.local:5555/simple/python-dateutil/python_dateutil-2.9.0.post0-py2.py3-none-any.whl (229 kB)
   ━━━━━━━━━━━━━━━━━━━━━━━━━━━━━━━━━━━━━━━ 229.9/229.9 kB 190.5 MB/s eta 0:00:00
Downloading http://pypi-mirror.modal.local:5555/simple/rich/rich-15.0.0-py3-none-any.whl (310 kB)
   ━━━━━━━━━━━━━━━━━━━━━━━━━━━━━━━━━━━━━━━ 310.7/310.7 kB 228.5 MB/s eta 0:00:00
Downloading http://pypi-mirror.modal.local:5555/simple/shellingham/shellingham-1.5.4-py2.py3-none-any.whl (9.8 kB)
Downloading http://pypi-mirror.modal.local:5555/simple/urllib3/urllib3-2.6.3-py3-none-any.whl (131 kB)
   ━━━━━━━━━━━━━━━━━━━━━━━━━━━━━━━━━━━━━━━ 131.6/131.6 kB 147.2 MB/s eta 0:00:00
Downloading http://pypi-mirror.modal.local:5555/simple/anyio/anyio-4.13.0-py3-none-any.whl (114 kB)
   ━━━━━━━━━━━━━━━━━━━━━━━━━━━━━━━━━━━━━━━ 114.4/114.4 kB 181.3 MB/s eta 0:00:00
Downloading http://pypi-mirror.modal.local:5555/simple/aiohappyeyeballs/aiohappyeyeballs-2.6.1-py3-none-any.whl (15 kB)
Downloading http://pypi-mirror.modal.local:5555/simple/aiosignal/aiosignal-1.4.0-py3-none-any.whl (7.5 kB)
Downloading http://pypi-mirror.modal.local:5555/simple/attrs/attrs-26.1.0-py3-none-any.whl (67 kB)
   ━━━━━━━━━━━━━━━━━━━━━━━━━━━━━━━━━━━━━━━━ 67.5/67.5 kB 156.6 MB/s eta 0:00:00
Downloading http://pypi-mirror.modal.local:5555/simple/frozenlist/frozenlist-1.8.0-cp312-cp312-manylinux1_x86_64.manylinux_2_28_x86_64.manylinux_2_5_x86_64.whl (242 kB)
   ━━━━━━━━━━━━━━━━━━━━━━━━━━━━━━━━━━━━━━━ 242.4/242.4 kB 212.6 MB/s eta 0:00:00
Downloading http://pypi-mirror.modal.local:5555/simple/h11/h11-0.16.0-py3-none-any.whl (37 kB)
Downloading http://pypi-mirror.modal.local:5555/simple/markdown-it-py/markdown_it_py-4.0.0-py3-none-any.whl (87 kB)
   ━━━━━━━━━━━━━━━━━━━━━━━━━━━━━━━━━━━━━━━━ 87.3/87.3 kB 267.0 MB/s eta 0:00:00
Downloading http://pypi-mirror.modal.local:5555/simple/multidict/multidict-6.7.1-cp312-cp312-manylinux2014_x86_64.manylinux_2_17_x86_64.manylinux_2_28_x86_64.whl (256 kB)
   ━━━━━━━━━━━━━━━━━━━━━━━━━━━━━━━━━━━━━━━ 256.3/256.3 kB 214.7 MB/s eta 0:00:00
Downloading http://pypi-mirror.modal.local:5555/simple/propcache/propcache-0.4.1-cp312-cp312-manylinux2014_x86_64.manylinux_2_17_x86_64.manylinux_2_28_x86_64.whl (221 kB)
   ━━━━━━━━━━━━━━━━━━━━━━━━━━━━━━━━━━━━━━━ 221.6/221.6 kB 205.7 MB/s eta 0:00:00
Downloading http://pypi-mirror.modal.local:5555/simple/pygments/pygments-2.20.0-py3-none-any.whl (1.2 MB)
   ━━━━━━━━━━━━━━━━━━━━━━━━━━━━━━━━━━━━━━━━ 1.2/1.2 MB 103.2 MB/s eta 0:00:00
Downloading http://pypi-mirror.modal.local:5555/simple/six/six-1.17.0-py2.py3-none-any.whl (11 kB)
Downloading http://pypi-mirror.modal.local:5555/simple/yarl/yarl-1.23.0-cp312-cp312-manylinux2014_x86_64.manylinux_2_17_x86_64.manylinux_2_28_x86_64.whl (100 kB)
   ━━━━━━━━━━━━━━━━━━━━━━━━━━━━━━━━━━━━━━━ 100.1/100.1 kB 263.6 MB/s eta 0:00:00
Downloading http://pypi-mirror.modal.local:5555/simple/mdurl/mdurl-0.1.2-py3-none-any.whl (10.0 kB)
Installing collected packages: nvidia-cusparselt-cu13, mpmath, cuda-toolkit, xxhash, urllib3, typing-extensions, triton, tqdm, sympy, six, shellingham, safetensors, regex, pyyaml, pygments, pyarrow, psutil, propcache, packaging, nvidia-nvtx, nvidia-nvshmem-cu13, nvidia-nvjitlink, nvidia-nccl-cu13, nvidia-curand, nvidia-cufile, nvidia-cuda-runtime, nvidia-cuda-nvrtc, nvidia-cuda-cupti, nvidia-cublas, networkx, multidict, mdurl, MarkupSafe, idna, hf-xet, h11, fsspec, frozenlist, filelock, dill, cuda-pathfinder, click, charset_normalizer, certifi, attrs, annotated-doc, aiohappyeyeballs, yarl, requests, python-dateutil, nvidia-cusparse, nvidia-cufft, nvidia-cudnn-cu13, multiprocess, markdown-it-py, jinja2, httpcore, cuda-bindings, anyio, aiosignal, rich, pandas, nvidia-cusolver, httpx, aiohttp, typer, torch, huggingface_hub, tokenizers, datasets, accelerate, transformers
Successfully installed MarkupSafe-3.0.3 accelerate-1.13.0 aiohappyeyeballs-2.6.1 aiohttp-3.13.5 aiosignal-1.4.0 annotated-doc-0.0.4 anyio-4.13.0 attrs-26.1.0 certifi-2026.4.22 charset_normalizer-3.4.7 click-8.3.3 cuda-bindings-13.2.0 cuda-pathfinder-1.5.3 cuda-toolkit-13.0.2 datasets-4.8.4 dill-0.4.1 filelock-3.29.0 frozenlist-1.8.0 fsspec-2026.2.0 h11-0.16.0 hf-xet-1.4.3 httpcore-1.0.9 httpx-0.28.1 huggingface_hub-1.12.0 idna-3.13 jinja2-3.1.6 markdown-it-py-4.0.0 mdurl-0.1.2 mpmath-1.3.0 multidict-6.7.1 multiprocess-0.70.19 networkx-3.6.1 nvidia-cublas-13.1.0.3 nvidia-cuda-cupti-13.0.85 nvidia-cuda-nvrtc-13.0.88 nvidia-cuda-runtime-13.0.96 nvidia-cudnn-cu13-9.19.0.56 nvidia-cufft-12.0.0.61 nvidia-cufile-1.15.1.6 nvidia-curand-10.4.0.35 nvidia-cusolver-12.0.4.66 nvidia-cusparse-12.6.3.3 nvidia-cusparselt-cu13-0.8.0 nvidia-nccl-cu13-2.28.9 nvidia-nvjitlink-13.0.88 nvidia-nvshmem-cu13-3.4.5 nvidia-nvtx-13.0.85 packaging-26.2 pandas-3.0.2 propcache-0.4.1 psutil-7.2.2 pyarrow-24.0.0 pygments-2.20.0 python-dateutil-2.9.0.post0 pyyaml-6.0.3 regex-2026.4.4 requests-2.33.1 rich-15.0.0 safetensors-0.7.0 shellingham-1.5.4 six-1.17.0 sympy-1.14.0 tokenizers-0.22.2 torch-2.11.0 tqdm-4.67.3 transformers-5.6.2 triton-3.6.0 typer-0.24.2 typing-extensions-4.15.0 urllib3-2.6.3 xxhash-3.7.0 yarl-1.23.0

[notice] A new release of pip is available: 23.3.2 -> 26.0.1
[notice] To update, run: pip install --upgrade pip
Saving image...
Image saved, took 7.65s

Built image im-efjGCKc2s3Mt8pyxE9fqUL in 158.72s


✓ Created objects.
├── 🔨 Created mount /tmp/modal_bench_nomounts.py
├── 🔨 Created mount /home/steven/project/15618-final
├── 🔨 Created function bench_1gpu.
├── 🔨 Created function bench_2gpu.
├── 🔨 Created function bench_4gpu.
├── 🔨 Created function bench_8gpu.
├── 🔨 Created function bench_real_1gpu.
└── 🔨 Created function bench_real_2gpu.
Launching grouped_gemm on 1x A100 (strategy=all) ...

==========
== CUDA ==
==========

CUDA Version 12.4.1

Container image Copyright (c) 2016-2023, NVIDIA CORPORATION & AFFILIATES. All rights reserved.

This container image and its contents are governed by the NVIDIA Deep Learning Container License.
By pulling and using the container, you accept the terms and conditions of this license:
https://developer.nvidia.com/ngc/nvidia-deep-learning-container-license

A copy of this license is made available in this container at /NGC-DL-CONTAINER-LICENSE for your convenience.

GPUs (1 requested):
0, NVIDIA A100-SXM4-40GB, 40960 MiB

Build OK

=== build tile 64x64x32 ===
nvcc -O3 -std=c++17 -arch=sm_80 --expt-relaxed-constexpr -Iinclude -I/usr/local/cuda/include -DTILE_M=64 -DTILE_N=64 -DTILE_K=32 -DWARP_M=32 -DWARP_N=32 -I/opt/cutlass/include -I/opt/cutlass/tools/util/include apps/grouped_gemm_test.cu build/obj/scatter/factory.o build/obj/scatter/scatter_atomic.o build/obj/scatter/scatter_sort.o build/obj/scatter/scatter_warp.o build/obj/scatter/scatter_vec.o build/obj/scatter/scatter_csort.o build/obj/common/npy_io.o build/obj/common/cpu_reference.o -Xlinker -rpath=/usr/local/cuda/lib -Xlinker /usr/local/cuda/lib/libcublas.so.12 -Xlinker /usr/local/cuda/lib/libcublasLt.so.12 -o build/bin/grouped_gemm_test

=== tile 64x64x32/32x32 uniform ===
=== Grouped GEMM test (uniform) ===
T=2048 K=4 E=64 d=2048 d_ffn=8192 TK=8192

per-expert M: min=108 max=160 mean=128 (imbalance 1.2x)

[seq cuBLAS]  avg 2.319 ms  (64 calls/pass)
[CUTLASS grp] avg 4.133 ms  (1 launch)
              speedup: 0.56x

  verify: max_abs=0.0002  max_rel=44.3945  bad=0/67108864
PASS

=== tile 64x64x32/32x32 zipf ===
=== Grouped GEMM test (zipf) ===
T=2048 K=4 E=64 d=2048 d_ffn=8192 TK=8192

per-expert M: min=23 max=1668 mean=128 (imbalance 13.0x)

[seq cuBLAS]  avg 2.647 ms  (64 calls/pass)
[CUTLASS grp] avg 3.794 ms  (1 launch)
              speedup: 0.70x

  verify: max_abs=0.0002  max_rel=36.7165  bad=0/67108864
PASS

=== build tile 64x128x32 ===
nvcc -O3 -std=c++17 -arch=sm_80 --expt-relaxed-constexpr -Iinclude -I/usr/local/cuda/include -DTILE_M=64 -DTILE_N=128 -DTILE_K=32 -DWARP_M=32 -DWARP_N=64 -I/opt/cutlass/include -I/opt/cutlass/tools/util/include apps/grouped_gemm_test.cu build/obj/scatter/factory.o build/obj/scatter/scatter_atomic.o build/obj/scatter/scatter_sort.o build/obj/scatter/scatter_warp.o build/obj/scatter/scatter_vec.o build/obj/scatter/scatter_csort.o build/obj/common/npy_io.o build/obj/common/cpu_reference.o -Xlinker -rpath=/usr/local/cuda/lib -Xlinker /usr/local/cuda/lib/libcublas.so.12 -Xlinker /usr/local/cuda/lib/libcublasLt.so.12 -o build/bin/grouped_gemm_test

=== tile 64x128x32/32x64 uniform ===
=== Grouped GEMM test (uniform) ===
T=2048 K=4 E=64 d=2048 d_ffn=8192 TK=8192

per-expert M: min=108 max=160 mean=128 (imbalance 1.2x)

[seq cuBLAS]  avg 2.316 ms  (64 calls/pass)
[CUTLASS grp] avg 3.772 ms  (1 launch)
              speedup: 0.61x

  verify: max_abs=0.0002  max_rel=44.3945  bad=0/67108864
PASS

=== tile 64x128x32/32x64 zipf ===
=== Grouped GEMM test (zipf) ===
T=2048 K=4 E=64 d=2048 d_ffn=8192 TK=8192

per-expert M: min=23 max=1668 mean=128 (imbalance 13.0x)

[seq cuBLAS]  avg 3.020 ms  (64 calls/pass)
[CUTLASS grp] avg 3.475 ms  (1 launch)
              speedup: 0.87x

  verify: max_abs=0.0002  max_rel=36.7165  bad=0/67108864
PASS

=== build tile 128x64x32 ===
nvcc -O3 -std=c++17 -arch=sm_80 --expt-relaxed-constexpr -Iinclude -I/usr/local/cuda/include -DTILE_M=128 -DTILE_N=64 -DTILE_K=32 -DWARP_M=64 -DWARP_N=32 -I/opt/cutlass/include -I/opt/cutlass/tools/util/include apps/grouped_gemm_test.cu build/obj/scatter/factory.o build/obj/scatter/scatter_atomic.o build/obj/scatter/scatter_sort.o build/obj/scatter/scatter_warp.o build/obj/scatter/scatter_vec.o build/obj/scatter/scatter_csort.o build/obj/common/npy_io.o build/obj/common/cpu_reference.o -Xlinker -rpath=/usr/local/cuda/lib -Xlinker /usr/local/cuda/lib/libcublas.so.12 -Xlinker /usr/local/cuda/lib/libcublasLt.so.12 -o build/bin/grouped_gemm_test

=== tile 128x64x32/64x32 uniform ===
=== Grouped GEMM test (uniform) ===
T=2048 K=4 E=64 d=2048 d_ffn=8192 TK=8192

per-expert M: min=108 max=160 mean=128 (imbalance 1.2x)

[seq cuBLAS]  avg 2.324 ms  (64 calls/pass)
[CUTLASS grp] avg 2.715 ms  (1 launch)
              speedup: 0.86x

  verify: max_abs=0.0002  max_rel=44.3945  bad=0/67108864
PASS

=== tile 128x64x32/64x32 zipf ===
=== Grouped GEMM test (zipf) ===
T=2048 K=4 E=64 d=2048 d_ffn=8192 TK=8192

per-expert M: min=23 max=1668 mean=128 (imbalance 13.0x)

[seq cuBLAS]  avg 2.664 ms  (64 calls/pass)
[CUTLASS grp] avg 2.807 ms  (1 launch)
              speedup: 0.95x

  verify: max_abs=0.0002  max_rel=36.7165  bad=0/67108864
PASS

=== build tile 128x128x32 ===
nvcc -O3 -std=c++17 -arch=sm_80 --expt-relaxed-constexpr -Iinclude -I/usr/local/cuda/include -DTILE_M=128 -DTILE_N=128 -DTILE_K=32 -DWARP_M=64 -DWARP_N=64 -I/opt/cutlass/include -I/opt/cutlass/tools/util/include apps/grouped_gemm_test.cu build/obj/scatter/factory.o build/obj/scatter/scatter_atomic.o build/obj/scatter/scatter_sort.o build/obj/scatter/scatter_warp.o build/obj/scatter/scatter_vec.o build/obj/scatter/scatter_csort.o build/obj/common/npy_io.o build/obj/common/cpu_reference.o -Xlinker -rpath=/usr/local/cuda/lib -Xlinker /usr/local/cuda/lib/libcublas.so.12 -Xlinker /usr/local/cuda/lib/libcublasLt.so.12 -o build/bin/grouped_gemm_test

=== tile 128x128x32/64x64 uniform ===
=== Grouped GEMM test (uniform) ===
T=2048 K=4 E=64 d=2048 d_ffn=8192 TK=8192

per-expert M: min=108 max=160 mean=128 (imbalance 1.2x)

[seq cuBLAS]  avg 2.317 ms  (64 calls/pass)
[CUTLASS grp] avg 2.512 ms  (1 launch)
              speedup: 0.92x

  verify: max_abs=0.0002  max_rel=44.3945  bad=0/67108864
PASS

=== tile 128x128x32/64x64 zipf ===
=== Grouped GEMM test (zipf) ===
T=2048 K=4 E=64 d=2048 d_ffn=8192 TK=8192

per-expert M: min=23 max=1668 mean=128 (imbalance 13.0x)

[seq cuBLAS]  avg 2.643 ms  (64 calls/pass)
[CUTLASS grp] avg 2.374 ms  (1 launch)
              speedup: 1.11x

  verify: max_abs=0.0002  max_rel=36.7165  bad=0/67108864
PASS

=== build tile 256x128x32 ===
nvcc -O3 -std=c++17 -arch=sm_80 --expt-relaxed-constexpr -Iinclude -I/usr/local/cuda/include -DTILE_M=256 -DTILE_N=128 -DTILE_K=32 -DWARP_M=64 -DWARP_N=64 -I/opt/cutlass/include -I/opt/cutlass/tools/util/include apps/grouped_gemm_test.cu build/obj/scatter/factory.o build/obj/scatter/scatter_atomic.o build/obj/scatter/scatter_sort.o build/obj/scatter/scatter_warp.o build/obj/scatter/scatter_vec.o build/obj/scatter/scatter_csort.o build/obj/common/npy_io.o build/obj/common/cpu_reference.o -Xlinker -rpath=/usr/local/cuda/lib -Xlinker /usr/local/cuda/lib/libcublas.so.12 -Xlinker /usr/local/cuda/lib/libcublasLt.so.12 -o build/bin/grouped_gemm_test

=== tile 256x128x32/64x64 uniform ===
=== Grouped GEMM test (uniform) ===
T=2048 K=4 E=64 d=2048 d_ffn=8192 TK=8192

per-expert M: min=108 max=160 mean=128 (imbalance 1.2x)

[seq cuBLAS]  avg 2.315 ms  (64 calls/pass)
[CUTLASS grp] avg 2.048 ms  (1 launch)
              speedup: 1.13x

  verify: max_abs=0.0002  max_rel=44.3945  bad=0/67108864
PASS

=== tile 256x128x32/64x64 zipf ===
=== Grouped GEMM test (zipf) ===
T=2048 K=4 E=64 d=2048 d_ffn=8192 TK=8192

per-expert M: min=23 max=1668 mean=128 (imbalance 13.0x)

[seq cuBLAS]  avg 2.650 ms  (64 calls/pass)
[CUTLASS grp] avg 2.509 ms  (1 launch)
              speedup: 1.06x

  verify: max_abs=0.0002  max_rel=36.7165  bad=0/67108864
PASS

=== build tile 128x256x32 ===
nvcc -O3 -std=c++17 -arch=sm_80 --expt-relaxed-constexpr -Iinclude -I/usr/local/cuda/include -DTILE_M=128 -DTILE_N=256 -DTILE_K=32 -DWARP_M=64 -DWARP_N=64 -I/opt/cutlass/include -I/opt/cutlass/tools/util/include apps/grouped_gemm_test.cu build/obj/scatter/factory.o build/obj/scatter/scatter_atomic.o build/obj/scatter/scatter_sort.o build/obj/scatter/scatter_warp.o build/obj/scatter/scatter_vec.o build/obj/scatter/scatter_csort.o build/obj/common/npy_io.o build/obj/common/cpu_reference.o -Xlinker -rpath=/usr/local/cuda/lib -Xlinker /usr/local/cuda/lib/libcublas.so.12 -Xlinker /usr/local/cuda/lib/libcublasLt.so.12 -o build/bin/grouped_gemm_test

=== tile 128x256x32/64x64 uniform ===
=== Grouped GEMM test (uniform) ===
T=2048 K=4 E=64 d=2048 d_ffn=8192 TK=8192

per-expert M: min=108 max=160 mean=128 (imbalance 1.2x)

[seq cuBLAS]  avg 2.317 ms  (64 calls/pass)
[CUTLASS grp] avg 2.175 ms  (1 launch)
              speedup: 1.07x

  verify: max_abs=0.0002  max_rel=44.3945  bad=0/67108864
PASS

=== tile 128x256x32/64x64 zipf ===
=== Grouped GEMM test (zipf) ===
T=2048 K=4 E=64 d=2048 d_ffn=8192 TK=8192

per-expert M: min=23 max=1668 mean=128 (imbalance 13.0x)

[seq cuBLAS]  avg 2.645 ms  (64 calls/pass)
[CUTLASS grp] avg 2.168 ms  (1 launch)
              speedup: 1.22x

  verify: max_abs=0.0002  max_rel=36.7165  bad=0/67108864
PASS


Stopping app - local entrypoint completed.
✓ App completed. View run at 
https://modal.com/apps/feiyang2/main/ap-ma4E7ZAxOqPZwK2thQYmNp
