✓ Initialized. View run at 
https://modal.com/apps/feiyang2/main/ap-fwhJ7xRomvjGzaUL9xkn7T
✓ Created objects.
├── 🔨 Created mount /tmp/modal_bench_nomounts_profile.py
├── 🔨 Created mount /home/steven/project/15618-final
├── 🔨 Created function bench_real_1gpu.
├── 🔨 Created function bench_real_2gpu.
├── 🔨 Created function bench_1gpu.
├── 🔨 Created function bench_2gpu.
├── 🔨 Created function bench_4gpu.
└── 🔨 Created function bench_8gpu.
Launching profile on 1x A100 (strategy=all) ...

==========
== CUDA ==
==========

CUDA Version 12.4.1

Container image Copyright (c) 2016-2023, NVIDIA CORPORATION & AFFILIATES. All rights reserved.

This container image and its contents are governed by the NVIDIA Deep Learning Container License.
By pulling and using the container, you accept the terms and conditions of this license:
https://developer.nvidia.com/ngc/nvidia-deep-learning-container-license

A copy of this license is made available in this container at /NGC-DL-CONTAINER-LICENSE for your convenience.

GPUs (1 requested):
0, NVIDIA A100-SXM4-40GB, 40960 MiB

Build OK

=== breakdown uniform atomic ===
[npy] results/syn_uniform_T2048_embeddings.npy                 shape=(2048,2048) dtype=<f2
[npy] results/syn_uniform_T2048_assignments.npy                shape=(2048,4) dtype=<i4
[npy] results/syn_uniform_T2048_weights.npy                    shape=(2048,4) dtype=<f2

== bench_scatter  strategy=atomic  prefix=syn_uniform_T2048 ==
   T=2048  K=4  E=64  d=2048  (packed rows=8192)

   correctness: PASS
   iters=200  warmup=20  total=256.00ms
   time (ms) — min 1.1172  p50 1.1735  p90 1.4694  p99 1.5186  mean 1.2800  stdev 0.1512
   per-stage (mean ms)  count=0.0094  sort=0.0000  prefix=0.0107  gather=1.1820  | sum=1.2022  reported_total=1.2592
   effective bandwidth @ p50: 57.2 GB/s  (64.00 MB moved)
   expert load: min=105 max=147 mean=128.0 imbalance=1.15x


=== breakdown uniform sort ===
[npy] results/syn_uniform_T2048_embeddings.npy                 shape=(2048,2048) dtype=<f2
[npy] results/syn_uniform_T2048_assignments.npy                shape=(2048,4) dtype=<i4
[npy] results/syn_uniform_T2048_weights.npy                    shape=(2048,4) dtype=<f2

== bench_scatter  strategy=sort  prefix=syn_uniform_T2048 ==
   T=2048  K=4  E=64  d=2048  (packed rows=8192)

   correctness: PASS
   iters=200  warmup=20  total=35.36ms
   time (ms) — min 0.1741  p50 0.1761  p90 0.1792  p99 0.1864  mean 0.1768  stdev 0.0036
   per-stage (mean ms)  count=0.0069  sort=0.0314  prefix=0.0000  gather=0.0597  | sum=0.0981  reported_total=0.1567
   effective bandwidth @ p50: 381.0 GB/s  (64.00 MB moved)
   expert load: min=105 max=147 mean=128.0 imbalance=1.15x


=== breakdown uniform warp ===
[npy] results/syn_uniform_T2048_embeddings.npy                 shape=(2048,2048) dtype=<f2
[npy] results/syn_uniform_T2048_assignments.npy                shape=(2048,4) dtype=<i4
[npy] results/syn_uniform_T2048_weights.npy                    shape=(2048,4) dtype=<f2

== bench_scatter  strategy=warp  prefix=syn_uniform_T2048 ==
   T=2048  K=4  E=64  d=2048  (packed rows=8192)

   correctness: PASS
   iters=200  warmup=20  total=32.37ms
   time (ms) — min 0.1577  p50 0.1608  p90 0.1638  p99 0.1782  mean 0.1619  stdev 0.0051
   per-stage (mean ms)  count=0.0070  sort=0.0319  prefix=0.0000  gather=0.0431  | sum=0.0821  reported_total=0.1413
   effective bandwidth @ p50: 417.4 GB/s  (64.00 MB moved)
   expert load: min=105 max=147 mean=128.0 imbalance=1.15x


=== breakdown uniform vec ===
[npy] results/syn_uniform_T2048_embeddings.npy                 shape=(2048,2048) dtype=<f2
[npy] results/syn_uniform_T2048_assignments.npy                shape=(2048,4) dtype=<i4
[npy] results/syn_uniform_T2048_weights.npy                    shape=(2048,4) dtype=<f2

== bench_scatter  strategy=vec  prefix=syn_uniform_T2048 ==
   T=2048  K=4  E=64  d=2048  (packed rows=8192)

   correctness: PASS
   iters=200  warmup=20  total=33.16ms
   time (ms) — min 0.1618  p50 0.1649  p90 0.1679  p99 0.1731  mean 0.1658  stdev 0.0028
   per-stage (mean ms)  count=0.0078  sort=0.0361  prefix=0.0000  gather=0.0413  | sum=0.0852  reported_total=0.1446
   effective bandwidth @ p50: 407.1 GB/s  (64.00 MB moved)
   expert load: min=105 max=147 mean=128.0 imbalance=1.15x


=== breakdown uniform csort ===
[npy] results/syn_uniform_T2048_embeddings.npy                 shape=(2048,2048) dtype=<f2
[npy] results/syn_uniform_T2048_assignments.npy                shape=(2048,4) dtype=<i4
[npy] results/syn_uniform_T2048_weights.npy                    shape=(2048,4) dtype=<f2

== bench_scatter  strategy=csort  prefix=syn_uniform_T2048 ==
   T=2048  K=4  E=64  d=2048  (packed rows=8192)

   correctness: PASS
   iters=200  warmup=20  total=29.59ms
   time (ms) — min 0.1454  p50 0.1475  p90 0.1495  p99 0.1536  mean 0.1480  stdev 0.0016
   per-stage (mean ms)  count=0.0100  sort=0.0000  prefix=0.0114  gather=0.0457  | sum=0.0670  reported_total=0.1262
   effective bandwidth @ p50: 455.1 GB/s  (64.00 MB moved)
   expert load: min=105 max=147 mean=128.0 imbalance=1.15x


=== breakdown zipf atomic ===
[npy] results/syn_zipf_T2048_embeddings.npy                    shape=(2048,2048) dtype=<f2
[npy] results/syn_zipf_T2048_assignments.npy                   shape=(2048,4) dtype=<i4
[npy] results/syn_zipf_T2048_weights.npy                       shape=(2048,4) dtype=<f2

== bench_scatter  strategy=atomic  prefix=syn_zipf_T2048 ==
   T=2048  K=4  E=64  d=2048  (packed rows=8192)

   correctness: PASS
   iters=200  warmup=20  total=247.89ms
   time (ms) — min 1.1080  p50 1.1551  p90 1.4572  p99 1.5114  mean 1.2394  stdev 0.1417
   per-stage (mean ms)  count=0.0089  sort=0.0000  prefix=0.0103  gather=1.1432  | sum=1.1624  reported_total=1.2188
   effective bandwidth @ p50: 58.1 GB/s  (64.00 MB moved)
   expert load: min=12 max=1590 mean=128.0 imbalance=12.42x


=== breakdown zipf sort ===
[npy] results/syn_zipf_T2048_embeddings.npy                    shape=(2048,2048) dtype=<f2
[npy] results/syn_zipf_T2048_assignments.npy                   shape=(2048,4) dtype=<i4
[npy] results/syn_zipf_T2048_weights.npy                       shape=(2048,4) dtype=<f2

== bench_scatter  strategy=sort  prefix=syn_zipf_T2048 ==
   T=2048  K=4  E=64  d=2048  (packed rows=8192)

   correctness: PASS
   iters=200  warmup=20  total=34.68ms
   time (ms) — min 0.1700  p50 0.1731  p90 0.1751  p99 0.1812  mean 0.1734  stdev 0.0030
   per-stage (mean ms)  count=0.0070  sort=0.0322  prefix=0.0000  gather=0.0582  | sum=0.0974  reported_total=0.1539
   effective bandwidth @ p50: 387.8 GB/s  (64.00 MB moved)
   expert load: min=12 max=1590 mean=128.0 imbalance=12.42x


=== breakdown zipf warp ===
[npy] results/syn_zipf_T2048_embeddings.npy                    shape=(2048,2048) dtype=<f2
[npy] results/syn_zipf_T2048_assignments.npy                   shape=(2048,4) dtype=<i4
[npy] results/syn_zipf_T2048_weights.npy                       shape=(2048,4) dtype=<f2

== bench_scatter  strategy=warp  prefix=syn_zipf_T2048 ==
   T=2048  K=4  E=64  d=2048  (packed rows=8192)

   correctness: PASS
   iters=200  warmup=20  total=31.76ms
   time (ms) — min 0.1556  p50 0.1587  p90 0.1608  p99 0.1649  mean 0.1588  stdev 0.0018
   per-stage (mean ms)  count=0.0068  sort=0.0318  prefix=0.0000  gather=0.0429  | sum=0.0814  reported_total=0.1392
   effective bandwidth @ p50: 422.8 GB/s  (64.00 MB moved)
   expert load: min=12 max=1590 mean=128.0 imbalance=12.42x


=== breakdown zipf vec ===
[npy] results/syn_zipf_T2048_embeddings.npy                    shape=(2048,2048) dtype=<f2
[npy] results/syn_zipf_T2048_assignments.npy                   shape=(2048,4) dtype=<i4
[npy] results/syn_zipf_T2048_weights.npy                       shape=(2048,4) dtype=<f2

== bench_scatter  strategy=vec  prefix=syn_zipf_T2048 ==
   T=2048  K=4  E=64  d=2048  (packed rows=8192)

   correctness: PASS
   iters=200  warmup=20  total=34.29ms
   time (ms) — min 0.1679  p50 0.1710  p90 0.1741  p99 0.1802  mean 0.1714  stdev 0.0029
   per-stage (mean ms)  count=0.0085  sort=0.0384  prefix=0.0000  gather=0.0420  | sum=0.0888  reported_total=0.1499
   effective bandwidth @ p50: 392.4 GB/s  (64.00 MB moved)
   expert load: min=12 max=1590 mean=128.0 imbalance=12.42x


=== breakdown zipf csort ===
[npy] results/syn_zipf_T2048_embeddings.npy                    shape=(2048,2048) dtype=<f2
[npy] results/syn_zipf_T2048_assignments.npy                   shape=(2048,4) dtype=<i4
[npy] results/syn_zipf_T2048_weights.npy                       shape=(2048,4) dtype=<f2

== bench_scatter  strategy=csort  prefix=syn_zipf_T2048 ==
   T=2048  K=4  E=64  d=2048  (packed rows=8192)

   correctness: PASS
   iters=200  warmup=20  total=29.03ms
   time (ms) — min 0.1413  p50 0.1444  p90 0.1464  p99 0.1546  mean 0.1451  stdev 0.0033
   per-stage (mean ms)  count=0.0100  sort=0.0000  prefix=0.0112  gather=0.0450  | sum=0.0663  reported_total=0.1237
   effective bandwidth @ p50: 464.8 GB/s  (64.00 MB moved)
   expert load: min=12 max=1590 mean=128.0 imbalance=12.42x



Stopping app - local entrypoint completed.
✓ App completed. View run at 
https://modal.com/apps/feiyang2/main/ap-fwhJ7xRomvjGzaUL9xkn7T
